Archive member included to satisfy reference by file (symbol)

c:/st/stm32cubeide_1.10.1/stm32cubeide/plugins/com.st.stm32cube.ide.mcu.externaltools.gnu-tools-for-stm32.10.3-2021.10.win32_1.0.0.202111181127/tools/bin/../lib/gcc/arm-none-eabi/10.3.1/../../../../arm-none-eabi/lib/thumb/v7-m/nofp\libc_nano.a(lib_a-errno.o)
                              ./Core/Src/syscalls.o (__errno)
c:/st/stm32cubeide_1.10.1/stm32cubeide/plugins/com.st.stm32cube.ide.mcu.externaltools.gnu-tools-for-stm32.10.3-2021.10.win32_1.0.0.202111181127/tools/bin/../lib/gcc/arm-none-eabi/10.3.1/../../../../arm-none-eabi/lib/thumb/v7-m/nofp\libc_nano.a(lib_a-exit.o)
                              c:/st/stm32cubeide_1.10.1/stm32cubeide/plugins/com.st.stm32cube.ide.mcu.externaltools.gnu-tools-for-stm32.10.3-2021.10.win32_1.0.0.202111181127/tools/bin/../lib/gcc/arm-none-eabi/10.3.1/../../../../arm-none-eabi/lib/thumb/v7-m/nofp/crt0.o (exit)
c:/st/stm32cubeide_1.10.1/stm32cubeide/plugins/com.st.stm32cube.ide.mcu.externaltools.gnu-tools-for-stm32.10.3-2021.10.win32_1.0.0.202111181127/tools/bin/../lib/gcc/arm-none-eabi/10.3.1/../../../../arm-none-eabi/lib/thumb/v7-m/nofp\libc_nano.a(lib_a-impure.o)
                              c:/st/stm32cubeide_1.10.1/stm32cubeide/plugins/com.st.stm32cube.ide.mcu.externaltools.gnu-tools-for-stm32.10.3-2021.10.win32_1.0.0.202111181127/tools/bin/../lib/gcc/arm-none-eabi/10.3.1/../../../../arm-none-eabi/lib/thumb/v7-m/nofp\libc_nano.a(lib_a-exit.o) (_global_impure_ptr)
c:/st/stm32cubeide_1.10.1/stm32cubeide/plugins/com.st.stm32cube.ide.mcu.externaltools.gnu-tools-for-stm32.10.3-2021.10.win32_1.0.0.202111181127/tools/bin/../lib/gcc/arm-none-eabi/10.3.1/../../../../arm-none-eabi/lib/thumb/v7-m/nofp\libc_nano.a(lib_a-init.o)
                              c:/st/stm32cubeide_1.10.1/stm32cubeide/plugins/com.st.stm32cube.ide.mcu.externaltools.gnu-tools-for-stm32.10.3-2021.10.win32_1.0.0.202111181127/tools/bin/../lib/gcc/arm-none-eabi/10.3.1/../../../../arm-none-eabi/lib/thumb/v7-m/nofp/crt0.o (__libc_init_array)
c:/st/stm32cubeide_1.10.1/stm32cubeide/plugins/com.st.stm32cube.ide.mcu.externaltools.gnu-tools-for-stm32.10.3-2021.10.win32_1.0.0.202111181127/tools/bin/../lib/gcc/arm-none-eabi/10.3.1/../../../../arm-none-eabi/lib/thumb/v7-m/nofp\libc_nano.a(lib_a-memcpy-stub.o)
                              ./Middlewares/Third_Party/FreeRTOS/Source/CMSIS_RTOS_V2/cmsis_os2.o (memcpy)
c:/st/stm32cubeide_1.10.1/stm32cubeide/plugins/com.st.stm32cube.ide.mcu.externaltools.gnu-tools-for-stm32.10.3-2021.10.win32_1.0.0.202111181127/tools/bin/../lib/gcc/arm-none-eabi/10.3.1/../../../../arm-none-eabi/lib/thumb/v7-m/nofp\libc_nano.a(lib_a-memset.o)
                              c:/st/stm32cubeide_1.10.1/stm32cubeide/plugins/com.st.stm32cube.ide.mcu.externaltools.gnu-tools-for-stm32.10.3-2021.10.win32_1.0.0.202111181127/tools/bin/../lib/gcc/arm-none-eabi/10.3.1/../../../../arm-none-eabi/lib/thumb/v7-m/nofp/crt0.o (memset)
c:/st/stm32cubeide_1.10.1/stm32cubeide/plugins/com.st.stm32cube.ide.mcu.externaltools.gnu-tools-for-stm32.10.3-2021.10.win32_1.0.0.202111181127/tools/bin/../lib/gcc/arm-none-eabi/10.3.1/../../../../arm-none-eabi/lib/thumb/v7-m/nofp\libc_nano.a(lib_a-printf.o)
                              ./Core/Src/main.o (printf)
c:/st/stm32cubeide_1.10.1/stm32cubeide/plugins/com.st.stm32cube.ide.mcu.externaltools.gnu-tools-for-stm32.10.3-2021.10.win32_1.0.0.202111181127/tools/bin/../lib/gcc/arm-none-eabi/10.3.1/../../../../arm-none-eabi/lib/thumb/v7-m/nofp\libc_nano.a(lib_a-findfp.o)
                              c:/st/stm32cubeide_1.10.1/stm32cubeide/plugins/com.st.stm32cube.ide.mcu.externaltools.gnu-tools-for-stm32.10.3-2021.10.win32_1.0.0.202111181127/tools/bin/../lib/gcc/arm-none-eabi/10.3.1/../../../../arm-none-eabi/lib/thumb/v7-m/nofp\libc_nano.a(lib_a-printf.o) (__sinit)
c:/st/stm32cubeide_1.10.1/stm32cubeide/plugins/com.st.stm32cube.ide.mcu.externaltools.gnu-tools-for-stm32.10.3-2021.10.win32_1.0.0.202111181127/tools/bin/../lib/gcc/arm-none-eabi/10.3.1/../../../../arm-none-eabi/lib/thumb/v7-m/nofp\libc_nano.a(lib_a-fwalk.o)
                              c:/st/stm32cubeide_1.10.1/stm32cubeide/plugins/com.st.stm32cube.ide.mcu.externaltools.gnu-tools-for-stm32.10.3-2021.10.win32_1.0.0.202111181127/tools/bin/../lib/gcc/arm-none-eabi/10.3.1/../../../../arm-none-eabi/lib/thumb/v7-m/nofp\libc_nano.a(lib_a-findfp.o) (_fwalk)
c:/st/stm32cubeide_1.10.1/stm32cubeide/plugins/com.st.stm32cube.ide.mcu.externaltools.gnu-tools-for-stm32.10.3-2021.10.win32_1.0.0.202111181127/tools/bin/../lib/gcc/arm-none-eabi/10.3.1/../../../../arm-none-eabi/lib/thumb/v7-m/nofp\libc_nano.a(lib_a-lock.o)
                              c:/st/stm32cubeide_1.10.1/stm32cubeide/plugins/com.st.stm32cube.ide.mcu.externaltools.gnu-tools-for-stm32.10.3-2021.10.win32_1.0.0.202111181127/tools/bin/../lib/gcc/arm-none-eabi/10.3.1/../../../../arm-none-eabi/lib/thumb/v7-m/nofp\libc_nano.a(lib_a-findfp.o) (__retarget_lock_init_recursive)
[...]
Memory Configuration

Name             Origin             Length             Attributes
RAM              0x0000000020000000 0x0000000000014000 xrw
FLASH            0x0000000008000000 0x0000000000080000 xr
*default*        0x0000000000000000 0xffffffffffffffff

Linker script and memory map

LOAD c:/st/stm32cubeide_1.10.1/stm32cubeide/plugins/com.st.stm32cube.ide.mcu.externaltools.gnu-tools-for-stm32.10.3-2021.10.win32_1.0.0.202111181127/tools/bin/../lib/gcc/arm-none-eabi/10.3.1/thumb/v7-m/nofp/crti.o
LOAD c:/st/stm32cubeide_1.10.1/stm32cubeide/plugins/com.st.stm32cube.ide.mcu.externaltools.gnu-tools-for-stm32.10.3-2021.10.win32_1.0.0.202111181127/tools/bin/../lib/gcc/arm-none-eabi/10.3.1/thumb/v7-m/nofp/crtbegin.o
LOAD c:/st/stm32cubeide_1.10.1/stm32cubeide/plugins/com.st.stm32cube.ide.mcu.externaltools.gnu-tools-for-stm32.10.3-2021.10.win32_1.0.0.202111181127/tools/bin/../lib/gcc/arm-none-eabi/10.3.1/../../../../arm-none-eabi/lib/thumb/v7-m/nofp/crt0.o
LOAD ./Core/Src/freertos.o
LOAD ./Core/Src/main.o
LOAD ./Core/Src/stm32l1xx_hal_msp.o
LOAD ./Core/Src/stm32l1xx_hal_timebase_tim.o
LOAD ./Core/Src/stm32l1xx_it.o
LOAD ./Core/Src/syscalls.o
LOAD ./Core/Src/sysmem.o
LOAD ./Core/Src/system_stm32l1xx.o
LOAD ./Core/Startup/startup_stm32l152retx.o
LOAD ./Drivers/STM32L1xx_HAL_Driver/Src/stm32l1xx_hal.o
LOAD ./Drivers/STM32L1xx_HAL_Driver/Src/stm32l1xx_hal_cortex.o
LOAD ./Drivers/STM32L1xx_HAL_Driver/Src/stm32l1xx_hal_dma.o
LOAD ./Drivers/STM32L1xx_HAL_Driver/Src/stm32l1xx_hal_exti.o
LOAD ./Drivers/STM32L1xx_HAL_Driver/Src/stm32l1xx_hal_flash.o
LOAD ./Drivers/STM32L1xx_HAL_Driver/Src/stm32l1xx_hal_flash_ex.o
LOAD ./Drivers/STM32L1xx_HAL_Driver/Src/stm32l1xx_hal_flash_ramfunc.o
LOAD ./Drivers/STM32L1xx_HAL_Driver/Src/stm32l1xx_hal_gpio.o
LOAD ./Drivers/STM32L1xx_HAL_Driver/Src/stm32l1xx_hal_pwr.o
LOAD ./Drivers/STM32L1xx_HAL_Driver/Src/stm32l1xx_hal_pwr_ex.o
LOAD ./Drivers/STM32L1xx_HAL_Driver/Src/stm32l1xx_hal_rcc.o
LOAD ./Drivers/STM32L1xx_HAL_Driver/Src/stm32l1xx_hal_rcc_ex.o
LOAD ./Drivers/STM32L1xx_HAL_Driver/Src/stm32l1xx_hal_tim.o
LOAD ./Drivers/STM32L1xx_HAL_Driver/Src/stm32l1xx_hal_tim_ex.o
LOAD ./Middlewares/Third_Party/FreeRTOS/Source/CMSIS_RTOS_V2/cmsis_os2.o
LOAD ./Middlewares/Third_Party/FreeRTOS/Source/croutine.o
LOAD ./Middlewares/Third_Party/FreeRTOS/Source/event_groups.o
LOAD ./Middlewares/Third_Party/FreeRTOS/Source/list.o
LOAD ./Middlewares/Third_Party/FreeRTOS/Source/queue.o
LOAD ./Middlewares/Third_Party/FreeRTOS/Source/stream_buffer.o
LOAD ./Middlewares/Third_Party/FreeRTOS/Source/tasks.o
LOAD ./Middlewares/Third_Party/FreeRTOS/Source/timers.o
LOAD ./Middlewares/Third_Party/FreeRTOS/Source/portable/GCC/ARM_CM3/port.o
LOAD ./Middlewares/Third_Party/FreeRTOS/Source/portable/MemMang/heap_4.o
LOAD ./Middlewares/TraceRecorder/streamports/ARM_ITM/trcStreamPort.o
LOAD ./Middlewares/TraceRecorder/trcAssert.o
LOAD ./Middlewares/TraceRecorder/trcCounter.o
LOAD ./Middlewares/TraceRecorder/trcDiagnostics.o
LOAD ./Middlewares/TraceRecorder/trcEntryTable.o
LOAD ./Middlewares/TraceRecorder/trcError.o
LOAD ./Middlewares/TraceRecorder/trcEvent.o
LOAD ./Middlewares/TraceRecorder/trcEventBuffer.o
LOAD ./Middlewares/TraceRecorder/trcExtension.o
LOAD ./Middlewares/TraceRecorder/trcHardwarePort.o
LOAD ./Middlewares/TraceRecorder/trcHeap.o
LOAD ./Middlewares/TraceRecorder/trcISR.o
LOAD ./Middlewares/TraceRecorder/trcInternalEventBuffer.o
LOAD ./Middlewares/TraceRecorder/trcInterval.o
LOAD ./Middlewares/TraceRecorder/trcKernelPort.o
LOAD ./Middlewares/TraceRecorder/trcMultiCoreEventBuffer.o
LOAD ./Middlewares/TraceRecorder/trcObject.o
LOAD ./Middlewares/TraceRecorder/trcPrint.o
LOAD ./Middlewares/TraceRecorder/trcSnapshotRecorder.o
LOAD ./Middlewares/TraceRecorder/trcStackMonitor.o
LOAD ./Middlewares/TraceRecorder/trcStateMachine.o
LOAD ./Middlewares/TraceRecorder/trcStaticBuffer.o
LOAD ./Middlewares/TraceRecorder/trcStreamingRecorder.o
LOAD ./Middlewares/TraceRecorder/trcString.o
LOAD ./Middlewares/TraceRecorder/trcTask.o
LOAD ./Middlewares/TraceRecorder/trcTimestamp.o
START GROUP
LOAD c:/st/stm32cubeide_1.10.1/stm32cubeide/plugins/com.st.stm32cube.ide.mcu.externaltools.gnu-tools-for-stm32.10.3-2021.10.win32_1.0.0.202111181127/tools/bin/../lib/gcc/arm-none-eabi/10.3.1/../../../../arm-none-eabi/lib/thumb/v7-m/nofp\libc_nano.a
LOAD c:/st/stm32cubeide_1.10.1/stm32cubeide/plugins/com.st.stm32cube.ide.mcu.externaltools.gnu-tools-for-stm32.10.3-2021.10.win32_1.0.0.202111181127/tools/bin/../lib/gcc/arm-none-eabi/10.3.1/../../../../arm-none-eabi/lib/thumb/v7-m/nofp\libm.a
END GROUP
START GROUP
LOAD c:/st/stm32cubeide_1.10.1/stm32cubeide/plugins/com.st.stm32cube.ide.mcu.externaltools.gnu-tools-for-stm32.10.3-2021.10.win32_1.0.0.202111181127/tools/bin/../lib/gcc/arm-none-eabi/10.3.1/thumb/v7-m/nofp\libgcc.a
LOAD c:/st/stm32cubeide_1.10.1/stm32cubeide/plugins/com.st.stm32cube.ide.mcu.externaltools.gnu-tools-for-stm32.10.3-2021.10.win32_1.0.0.202111181127/tools/bin/../lib/gcc/arm-none-eabi/10.3.1/../../../../arm-none-eabi/lib/thumb/v7-m/nofp\libc_nano.a
END GROUP
START GROUP
LOAD c:/st/stm32cubeide_1.10.1/stm32cubeide/plugins/com.st.stm32cube.ide.mcu.externaltools.gnu-tools-for-stm32.10.3-2021.10.win32_1.0.0.202111181127/tools/bin/../lib/gcc/arm-none-eabi/10.3.1/thumb/v7-m/nofp\libgcc.a
LOAD c:/st/stm32cubeide_1.10.1/stm32cubeide/plugins/com.st.stm32cube.ide.mcu.externaltools.gnu-tools-for-stm32.10.3-2021.10.win32_1.0.0.202111181127/tools/bin/../lib/gcc/arm-none-eabi/10.3.1/../../../../arm-none-eabi/lib/thumb/v7-m/nofp\libc_nano.a
LOAD c:/st/stm32cubeide_1.10.1/stm32cubeide/plugins/com.st.stm32cube.ide.mcu.externaltools.gnu-tools-for-stm32.10.3-2021.10.win32_1.0.0.202111181127/tools/bin/../lib/gcc/arm-none-eabi/10.3.1/../../../../arm-none-eabi/lib/thumb/v7-m/nofp\libnosys.a
END GROUP
START GROUP
LOAD c:/st/stm32cubeide_1.10.1/stm32cubeide/plugins/com.st.stm32cube.ide.mcu.externaltools.gnu-tools-for-stm32.10.3-2021.10.win32_1.0.0.202111181127/tools/bin/../lib/gcc/arm-none-eabi/10.3.1/thumb/v7-m/nofp\libgcc.a
LOAD c:/st/stm32cubeide_1.10.1/stm32cubeide/plugins/com.st.stm32cube.ide.mcu.externaltools.gnu-tools-for-stm32.10.3-2021.10.win32_1.0.0.202111181127/tools/bin/../lib/gcc/arm-none-eabi/10.3.1/../../../../arm-none-eabi/lib/thumb/v7-m/nofp\libc_nano.a
LOAD c:/st/stm32cubeide_1.10.1/stm32cubeide/plugins/com.st.stm32cube.ide.mcu.externaltools.gnu-tools-for-stm32.10.3-2021.10.win32_1.0.0.202111181127/tools/bin/../lib/gcc/arm-none-eabi/10.3.1/../../../../arm-none-eabi/lib/thumb/v7-m/nofp\libnosys.a
END GROUP
LOAD c:/st/stm32cubeide_1.10.1/stm32cubeide/plugins/com.st.stm32cube.ide.mcu.externaltools.gnu-tools-for-stm32.10.3-2021.10.win32_1.0.0.202111181127/tools/bin/../lib/gcc/arm-none-eabi/10.3.1/thumb/v7-m/nofp/crtend.o
LOAD c:/st/stm32cubeide_1.10.1/stm32cubeide/plugins/com.st.stm32cube.ide.mcu.externaltools.gnu-tools-for-stm32.10.3-2021.10.win32_1.0.0.202111181127/tools/bin/../lib/gcc/arm-none-eabi/10.3.1/thumb/v7-m/nofp/crtn.o
                0x0000000020014000                _estack = (ORIGIN (RAM) + LENGTH (RAM))
                0x0000000000000200                _Min_Heap_Size = 0x200
                0x0000000000000400                _Min_Stack_Size = 0x400

.isr_vector     0x0000000008000000      0x13c
                0x0000000008000000                . = ALIGN (0x4)
 *(.isr_vector)
 .isr_vector    0x0000000008000000      0x13c ./Core/Startup/startup_stm32l152retx.o
                0x0000000008000000                g_pfnVectors
                0x000000000800013c                . = ALIGN (0x4)

.text           0x0000000008000140     0x78e0
                0x0000000008000140                . = ALIGN (0x4)
 *(.text)
 .text          0x0000000008000140       0x40 c:/st/stm32cubeide_1.10.1/stm32cubeide/plugins/com.st.stm32cube.ide.mcu.externaltools.gnu-tools-for-stm32.10.3-2021.10.win32_1.0.0.202111181127/tools/bin/../lib/gcc/arm-none-eabi/10.3.1/thumb/v7-m/nofp/crtbegin.o
 .text          0x0000000008000180       0x30 c:/st/stm32cubeide_1.10.1/stm32cubeide/plugins/com.st.stm32cube.ide.mcu.externaltools.gnu-tools-for-stm32.10.3-2021.10.win32_1.0.0.202111181127/tools/bin/../lib/gcc/arm-none-eabi/10.3.1/thumb/v7-m/nofp\libgcc.a(_aeabi_uldivmod.o)
                0x0000000008000180                __aeabi_uldivmod
 .text          0x00000000080001b0      0x2d4 c:/st/stm32cubeide_1.10.1/stm32cubeide/plugins/com.st.stm32cube.ide.mcu.externaltools.gnu-tools-for-stm32.10.3-2021.10.win32_1.0.0.202111181127/tools/bin/../lib/gcc/arm-none-eabi/10.3.1/thumb/v7-m/nofp\libgcc.a(_udivmoddi4.o)
                0x00000000080001b0                __udivmoddi4
 .text          0x0000000008000484        0x4 c:/st/stm32cubeide_1.10.1/stm32cubeide/plugins/com.st.stm32cube.ide.mcu.externaltools.gnu-tools-for-stm32.10.3-2021.10.win32_1.0.0.202111181127/tools/bin/../lib/gcc/arm-none-eabi/10.3.1/thumb/v7-m/nofp\libgcc.a(_dvmd_tls.o)
                0x0000000008000484                __aeabi_idiv0
                0x0000000008000484                __aeabi_ldiv0
 *(.text*)
 .text.ITM_SendChar
                0x0000000008000488       0x4c ./Core/Src/main.o
 .text._write   0x00000000080004d4       0x3c ./Core/Src/main.o
                0x00000000080004d4                _write
 .text.main     0x0000000008000510       0x3c ./Core/Src/main.o
                0x0000000008000510                main
 .text.SystemClock_Config
                0x000000000800054c       0x98 ./Core/Src/main.o
                0x000000000800054c                SystemClock_Config
 .text.MX_GPIO_Init
                0x00000000080005e4       0xb0 ./Core/Src/main.o
 .text.StartDefaultTask
                0x0000000008000694       0x38 ./Core/Src/main.o
                0x0000000008000694                StartDefaultTask
 .text.HAL_TIM_PeriodElapsedCallback
                0x00000000080006cc       0x1e ./Core/Src/main.o
                0x00000000080006cc                HAL_TIM_PeriodElapsedCallback
 .text.Error_Handler
                0x00000000080006ea        0xa ./Core/Src/main.o
                0x00000000080006ea                Error_Handler
 .text.HAL_MspInit
                0x00000000080006f4       0x68 ./Core/Src/stm32l1xx_hal_msp.o
                0x00000000080006f4                HAL_MspInit
 .text.HAL_InitTick
                0x000000000800075c       0xac ./Core/Src/stm32l1xx_hal_timebase_tim.o
                0x000000000800075c                HAL_InitTick
 .text.NMI_Handler
                0x0000000008000808        0x6 ./Core/Src/stm32l1xx_it.o
                0x0000000008000808                NMI_Handler
 .text.HardFault_Handler
                0x000000000800080e        0x6 ./Core/Src/stm32l1xx_it.o
                0x000000000800080e                HardFault_Handler
 .text.MemManage_Handler
                0x0000000008000814        0x6 ./Core/Src/stm32l1xx_it.o
                0x0000000008000814                MemManage_Handler
 .text.BusFault_Handler
                0x000000000800081a        0x6 ./Core/Src/stm32l1xx_it.o
                0x000000000800081a                BusFault_Handler
 .text.UsageFault_Handler
                0x0000000008000820        0x6 ./Core/Src/stm32l1xx_it.o
                0x0000000008000820                UsageFault_Handler
 .text.DebugMon_Handler
                0x0000000008000826        0xc ./Core/Src/stm32l1xx_it.o
                0x0000000008000826                DebugMon_Handler
 *fill*         0x0000000008000832        0x2 
 .text.TIM2_IRQHandler
                0x0000000008000834       0x14 ./Core/Src/stm32l1xx_it.o
                0x0000000008000834                TIM2_IRQHandler
 .text._read    0x0000000008000848       0x3a ./Core/Src/syscalls.o
                0x0000000008000848                _read
 .text._close   0x0000000008000882       0x16 ./Core/Src/syscalls.o
                0x0000000008000882                _close
 .text._fstat   0x0000000008000898       0x1e ./Core/Src/syscalls.o
                0x0000000008000898                _fstat
 .text._isatty  0x00000000080008b6       0x14 ./Core/Src/syscalls.o
                0x00000000080008b6                _isatty
 .text._lseek   0x00000000080008ca       0x18 ./Core/Src/syscalls.o
                0x00000000080008ca                _lseek
 *fill*         0x00000000080008e2        0x2 
 .text._sbrk    0x00000000080008e4       0x6c ./Core/Src/sysmem.o
                0x00000000080008e4                _sbrk
 .text.SystemInit
                0x0000000008000950        0xc ./Core/Src/system_stm32l1xx.o
                0x0000000008000950                SystemInit
 .text.Reset_Handler
                0x000000000800095c       0x48 ./Core/Startup/startup_stm32l152retx.o
                0x000000000800095c                Reset_Handler
 .text.Default_Handler
                0x00000000080009a4        0x2 ./Core/Startup/startup_stm32l152retx.o
                0x00000000080009a4                RTC_Alarm_IRQHandler
                0x00000000080009a4                EXTI2_IRQHandler
                0x00000000080009a4                COMP_ACQ_IRQHandler
                0x00000000080009a4                TIM10_IRQHandler
                0x00000000080009a4                USB_HP_IRQHandler
                0x00000000080009a4                TIM6_IRQHandler
                0x00000000080009a4                PVD_IRQHandler
                0x00000000080009a4                EXTI3_IRQHandler
                0x00000000080009a4                EXTI0_IRQHandler
                0x00000000080009a4                I2C2_EV_IRQHandler
                0x00000000080009a4                SPI1_IRQHandler
                0x00000000080009a4                USB_FS_WKUP_IRQHandler
                0x00000000080009a4                DMA2_Channel2_IRQHandler
                0x00000000080009a4                DMA1_Channel4_IRQHandler
                0x00000000080009a4                ADC1_IRQHandler
                0x00000000080009a4                USART3_IRQHandler
                0x00000000080009a4                DMA1_Channel7_IRQHandler
                0x00000000080009a4                LCD_IRQHandler
                0x00000000080009a4                UART5_IRQHandler
                0x00000000080009a4                TIM4_IRQHandler
                0x00000000080009a4                DMA2_Channel1_IRQHandler
                0x00000000080009a4                I2C1_EV_IRQHandler
                0x00000000080009a4                DMA1_Channel6_IRQHandler
                0x00000000080009a4                UART4_IRQHandler
                0x00000000080009a4                DMA2_Channel4_IRQHandler
                0x00000000080009a4                TIM3_IRQHandler
                0x00000000080009a4                RCC_IRQHandler
                0x00000000080009a4                DMA1_Channel1_IRQHandler
                0x00000000080009a4                Default_Handler
                0x00000000080009a4                EXTI15_10_IRQHandler
                0x00000000080009a4                TIM7_IRQHandler
                0x00000000080009a4                TIM5_IRQHandler
                0x00000000080009a4                EXTI9_5_IRQHandler
                0x00000000080009a4                TIM9_IRQHandler
                0x00000000080009a4                TAMPER_STAMP_IRQHandler
                0x00000000080009a4                RTC_WKUP_IRQHandler
                0x00000000080009a4                SPI2_IRQHandler
                0x00000000080009a4                DMA2_Channel5_IRQHandler
                0x00000000080009a4                DMA1_Channel5_IRQHandler
                0x00000000080009a4                USB_LP_IRQHandler
                0x00000000080009a4                EXTI4_IRQHandler
                0x00000000080009a4                DMA1_Channel3_IRQHandler
                0x00000000080009a4                COMP_IRQHandler
                0x00000000080009a4                WWDG_IRQHandler
                0x00000000080009a4                DAC_IRQHandler
                0x00000000080009a4                EXTI1_IRQHandler
                0x00000000080009a4                TIM11_IRQHandler
                0x00000000080009a4                USART2_IRQHandler
                0x00000000080009a4                I2C2_ER_IRQHandler
                0x00000000080009a4                DMA1_Channel2_IRQHandler
                0x00000000080009a4                FLASH_IRQHandler
                0x00000000080009a4                USART1_IRQHandler
                0x00000000080009a4                SPI3_IRQHandler
                0x00000000080009a4                I2C1_ER_IRQHandler
                0x00000000080009a4                DMA2_Channel3_IRQHandler
 .text.HAL_Init
                0x00000000080009a6       0x30 ./Drivers/STM32L1xx_HAL_Driver/Src/stm32l1xx_hal.o
                0x00000000080009a6                HAL_Init
 *fill*         0x00000000080009d6        0x2 
 .text.HAL_IncTick
                0x00000000080009d8       0x24 ./Drivers/STM32L1xx_HAL_Driver/Src/stm32l1xx_hal.o
                0x00000000080009d8                HAL_IncTick
 .text.HAL_GetTick
                0x00000000080009fc       0x14 ./Drivers/STM32L1xx_HAL_Driver/Src/stm32l1xx_hal.o
                0x00000000080009fc                HAL_GetTick
 .text.__NVIC_SetPriorityGrouping
                0x0000000008000a10       0x48 ./Drivers/STM32L1xx_HAL_Driver/Src/stm32l1xx_hal_cortex.o
 .text.__NVIC_GetPriorityGrouping
                0x0000000008000a58       0x1c ./Drivers/STM32L1xx_HAL_Driver/Src/stm32l1xx_hal_cortex.o
 .text.__NVIC_EnableIRQ
                0x0000000008000a74       0x38 ./Drivers/STM32L1xx_HAL_Driver/Src/stm32l1xx_hal_cortex.o
 .text.__NVIC_SetPriority
                0x0000000008000aac       0x54 ./Drivers/STM32L1xx_HAL_Driver/Src/stm32l1xx_hal_cortex.o
 .text.NVIC_EncodePriority
                0x0000000008000b00       0x64 ./Drivers/STM32L1xx_HAL_Driver/Src/stm32l1xx_hal_cortex.o
 .text.HAL_NVIC_SetPriorityGrouping
                0x0000000008000b64       0x16 ./Drivers/STM32L1xx_HAL_Driver/Src/stm32l1xx_hal_cortex.o
                0x0000000008000b64                HAL_NVIC_SetPriorityGrouping
 .text.HAL_NVIC_SetPriority
                0x0000000008000b7a       0x38 ./Drivers/STM32L1xx_HAL_Driver/Src/stm32l1xx_hal_cortex.o
                0x0000000008000b7a                HAL_NVIC_SetPriority
 .text.HAL_NVIC_EnableIRQ
                0x0000000008000bb2       0x1c ./Drivers/STM32L1xx_HAL_Driver/Src/stm32l1xx_hal_cortex.o
                0x0000000008000bb2                HAL_NVIC_EnableIRQ
 *fill*         0x0000000008000bce        0x2 
 .text.HAL_GPIO_Init
                0x0000000008000bd0      0x320 ./Drivers/STM32L1xx_HAL_Driver/Src/stm32l1xx_hal_gpio.o
                0x0000000008000bd0                HAL_GPIO_Init
 .text.HAL_GPIO_WritePin
                0x0000000008000ef0       0x30 ./Drivers/STM32L1xx_HAL_Driver/Src/stm32l1xx_hal_gpio.o
                0x0000000008000ef0                HAL_GPIO_WritePin
 .text.HAL_GPIO_TogglePin
                0x0000000008000f20       0x32 ./Drivers/STM32L1xx_HAL_Driver/Src/stm32l1xx_hal_gpio.o
                0x0000000008000f20                HAL_GPIO_TogglePin
 *fill*         0x0000000008000f52        0x2 
 .text.HAL_RCC_OscConfig
                0x0000000008000f54      0x660 ./Drivers/STM32L1xx_HAL_Driver/Src/stm32l1xx_hal_rcc.o
                0x0000000008000f54                HAL_RCC_OscConfig
 .text.HAL_RCC_ClockConfig
                0x00000000080015b4      0x268 ./Drivers/STM32L1xx_HAL_Driver/Src/stm32l1xx_hal_rcc.o
                0x00000000080015b4                HAL_RCC_ClockConfig
 .text.HAL_RCC_GetSysClockFreq
                0x000000000800181c      0x1fc ./Drivers/STM32L1xx_HAL_Driver/Src/stm32l1xx_hal_rcc.o
                0x000000000800181c                HAL_RCC_GetSysClockFreq
 .text.HAL_RCC_GetHCLKFreq
                0x0000000008001a18       0x14 ./Drivers/STM32L1xx_HAL_Driver/Src/stm32l1xx_hal_rcc.o
                0x0000000008001a18                HAL_RCC_GetHCLKFreq
 .text.HAL_RCC_GetPCLK1Freq
                0x0000000008001a2c       0x28 ./Drivers/STM32L1xx_HAL_Driver/Src/stm32l1xx_hal_rcc.o
                0x0000000008001a2c                HAL_RCC_GetPCLK1Freq
 .text.HAL_RCC_GetClockConfig
                0x0000000008001a54       0x60 ./Drivers/STM32L1xx_HAL_Driver/Src/stm32l1xx_hal_rcc.o
                0x0000000008001a54                HAL_RCC_GetClockConfig
 .text.RCC_SetFlashLatencyFromMSIRange
                0x0000000008001ab4       0xc0 ./Drivers/STM32L1xx_HAL_Driver/Src/stm32l1xx_hal_rcc.o
 .text.HAL_TIM_Base_Init
                0x0000000008001b74       0x7e ./Drivers/STM32L1xx_HAL_Driver/Src/stm32l1xx_hal_tim.o
                0x0000000008001b74                HAL_TIM_Base_Init
 .text.HAL_TIM_Base_MspInit
                0x0000000008001bf2       0x12 ./Drivers/STM32L1xx_HAL_Driver/Src/stm32l1xx_hal_tim.o
                0x0000000008001bf2                HAL_TIM_Base_MspInit
 .text.HAL_TIM_Base_Start_IT
                0x0000000008001c04       0xa4 ./Drivers/STM32L1xx_HAL_Driver/Src/stm32l1xx_hal_tim.o
                0x0000000008001c04                HAL_TIM_Base_Start_IT
 .text.HAL_TIM_IRQHandler
                0x0000000008001ca8      0x1b8 ./Drivers/STM32L1xx_HAL_Driver/Src/stm32l1xx_hal_tim.o
                0x0000000008001ca8                HAL_TIM_IRQHandler
 .text.HAL_TIM_OC_DelayElapsedCallback
                0x0000000008001e60       0x12 ./Drivers/STM32L1xx_HAL_Driver/Src/stm32l1xx_hal_tim.o
                0x0000000008001e60                HAL_TIM_OC_DelayElapsedCallback
 .text.HAL_TIM_IC_CaptureCallback
                0x0000000008001e72       0x12 ./Drivers/STM32L1xx_HAL_Driver/Src/stm32l1xx_hal_tim.o
                0x0000000008001e72                HAL_TIM_IC_CaptureCallback
 .text.HAL_TIM_PWM_PulseFinishedCallback
                0x0000000008001e84       0x12 ./Drivers/STM32L1xx_HAL_Driver/Src/stm32l1xx_hal_tim.o
                0x0000000008001e84                HAL_TIM_PWM_PulseFinishedCallback
 .text.HAL_TIM_TriggerCallback
                0x0000000008001e96       0x12 ./Drivers/STM32L1xx_HAL_Driver/Src/stm32l1xx_hal_tim.o
                0x0000000008001e96                HAL_TIM_TriggerCallback
 .text.TIM_Base_SetConfig
                0x0000000008001ea8       0xe0 ./Drivers/STM32L1xx_HAL_Driver/Src/stm32l1xx_hal_tim.o
 .text.osKernelInitialize
                0x0000000008001f88       0x64 ./Middlewares/Third_Party/FreeRTOS/Source/CMSIS_RTOS_V2/cmsis_os2.o
                0x0000000008001f88                osKernelInitialize
 .text.osKernelStart
                0x0000000008001fec       0x68 ./Middlewares/Third_Party/FreeRTOS/Source/CMSIS_RTOS_V2/cmsis_os2.o
                0x0000000008001fec                osKernelStart
 .text.osThreadNew
                0x0000000008002054      0x154 ./Middlewares/Third_Party/FreeRTOS/Source/CMSIS_RTOS_V2/cmsis_os2.o
                0x0000000008002054                osThreadNew
 .text.osDelay  0x00000000080021a8       0x5c ./Middlewares/Third_Party/FreeRTOS/Source/CMSIS_RTOS_V2/cmsis_os2.o
                0x00000000080021a8                osDelay
 .text.vApplicationGetIdleTaskMemory
                0x0000000008002204       0x30 ./Middlewares/Third_Party/FreeRTOS/Source/CMSIS_RTOS_V2/cmsis_os2.o
                0x0000000008002204                vApplicationGetIdleTaskMemory
 .text.vApplicationGetTimerTaskMemory
                0x0000000008002234       0x34 ./Middlewares/Third_Party/FreeRTOS/Source/CMSIS_RTOS_V2/cmsis_os2.o
                0x0000000008002234                vApplicationGetTimerTaskMemory
 .text.vListInitialise
                0x0000000008002268       0x3e ./Middlewares/Third_Party/FreeRTOS/Source/list.o
                0x0000000008002268                vListInitialise
 .text.vListInitialiseItem
                0x00000000080022a6       0x18 ./Middlewares/Third_Party/FreeRTOS/Source/list.o
                0x00000000080022a6                vListInitialiseItem
 .text.vListInsertEnd
                0x00000000080022be       0x46 ./Middlewares/Third_Party/FreeRTOS/Source/list.o
                0x00000000080022be                vListInsertEnd
 .text.vListInsert
                0x0000000008002304       0x70 ./Middlewares/Third_Party/FreeRTOS/Source/list.o
                0x0000000008002304                vListInsert
 .text.uxListRemove
                0x0000000008002374       0x52 ./Middlewares/Third_Party/FreeRTOS/Source/list.o
                0x0000000008002374                uxListRemove
 *fill*         0x00000000080023c6        0x2 
 .text.xQueueGenericReset
                0x00000000080023c8       0xd0 ./Middlewares/Third_Party/FreeRTOS/Source/queue.o
                0x00000000080023c8                xQueueGenericReset
 .text.xQueueGenericCreateStatic
                0x0000000008002498       0xee ./Middlewares/Third_Party/FreeRTOS/Source/queue.o
                0x0000000008002498                xQueueGenericCreateStatic
 .text.prvInitialiseNewQueue
                0x0000000008002586       0x46 ./Middlewares/Third_Party/FreeRTOS/Source/queue.o
 .text.xQueueGenericSend
                0x00000000080025cc      0x1fc ./Middlewares/Third_Party/FreeRTOS/Source/queue.o
                0x00000000080025cc                xQueueGenericSend
 .text.xQueueGenericSendFromISR
                0x00000000080027c8      0x130 ./Middlewares/Third_Party/FreeRTOS/Source/queue.o
                0x00000000080027c8                xQueueGenericSendFromISR
 .text.xQueueReceive
                0x00000000080028f8      0x1c0 ./Middlewares/Third_Party/FreeRTOS/Source/queue.o
                0x00000000080028f8                xQueueReceive
 .text.prvCopyDataToQueue
                0x0000000008002ab8       0xd4 ./Middlewares/Third_Party/FreeRTOS/Source/queue.o
 .text.prvCopyDataFromQueue
                0x0000000008002b8c       0x4c ./Middlewares/Third_Party/FreeRTOS/Source/queue.o
 .text.prvUnlockQueue
                0x0000000008002bd8       0xa4 ./Middlewares/Third_Party/FreeRTOS/Source/queue.o
 .text.prvIsQueueEmpty
                0x0000000008002c7c       0x2c ./Middlewares/Third_Party/FreeRTOS/Source/queue.o
 .text.prvIsQueueFull
                0x0000000008002ca8       0x30 ./Middlewares/Third_Party/FreeRTOS/Source/queue.o
 .text.vQueueAddToRegistry
                0x0000000008002cd8       0x50 ./Middlewares/Third_Party/FreeRTOS/Source/queue.o
                0x0000000008002cd8                vQueueAddToRegistry
 .text.vQueueWaitForMessageRestricted
                0x0000000008002d28       0x68 ./Middlewares/Third_Party/FreeRTOS/Source/queue.o
                0x0000000008002d28                vQueueWaitForMessageRestricted
 .text.xTaskCreateStatic
                0x0000000008002d90       0xb8 ./Middlewares/Third_Party/FreeRTOS/Source/tasks.o
                0x0000000008002d90                xTaskCreateStatic
 .text.xTaskCreate
                0x0000000008002e48       0x8a ./Middlewares/Third_Party/FreeRTOS/Source/tasks.o
                0x0000000008002e48                xTaskCreate
 .text.prvInitialiseNewTask
                0x0000000008002ed2      0x10e ./Middlewares/Third_Party/FreeRTOS/Source/tasks.o
 .text.prvAddNewTaskToReadyList
                0x0000000008002fe0       0xe0 ./Middlewares/Third_Party/FreeRTOS/Source/tasks.o
 .text.vTaskDelay
                0x00000000080030c0       0x68 ./Middlewares/Third_Party/FreeRTOS/Source/tasks.o
                0x00000000080030c0                vTaskDelay
 .text.vTaskStartScheduler
                0x0000000008003128       0xcc ./Middlewares/Third_Party/FreeRTOS/Source/tasks.o
                0x0000000008003128                vTaskStartScheduler
 .text.vTaskSuspendAll
                0x00000000080031f4       0x1c ./Middlewares/Third_Party/FreeRTOS/Source/tasks.o
                0x00000000080031f4                vTaskSuspendAll
 .text.xTaskResumeAll
                0x0000000008003210      0x13c ./Middlewares/Third_Party/FreeRTOS/Source/tasks.o
                0x0000000008003210                xTaskResumeAll
 .text.xTaskGetTickCount
                0x000000000800334c       0x1c ./Middlewares/Third_Party/FreeRTOS/Source/tasks.o
                0x000000000800334c                xTaskGetTickCount
 .text.xTaskIncrementTick
                0x0000000008003368      0x17c ./Middlewares/Third_Party/FreeRTOS/Source/tasks.o
                0x0000000008003368                xTaskIncrementTick
 .text.vTaskSwitchContext
                0x00000000080034e4       0xb8 ./Middlewares/Third_Party/FreeRTOS/Source/tasks.o
                0x00000000080034e4                vTaskSwitchContext
 .text.vTaskPlaceOnEventList
                0x000000000800359c       0x48 ./Middlewares/Third_Party/FreeRTOS/Source/tasks.o
                0x000000000800359c                vTaskPlaceOnEventList
 .text.vTaskPlaceOnEventListRestricted
                0x00000000080035e4       0x58 ./Middlewares/Third_Party/FreeRTOS/Source/tasks.o
                0x00000000080035e4                vTaskPlaceOnEventListRestricted
 .text.xTaskRemoveFromEventList
                0x000000000800363c       0xc8 ./Middlewares/Third_Party/FreeRTOS/Source/tasks.o
                0x000000000800363c                xTaskRemoveFromEventList
 .text.vTaskInternalSetTimeOutState
                0x0000000008003704       0x2c ./Middlewares/Third_Party/FreeRTOS/Source/tasks.o
                0x0000000008003704                vTaskInternalSetTimeOutState
 .text.xTaskCheckForTimeOut
                0x0000000008003730       0xc4 ./Middlewares/Third_Party/FreeRTOS/Source/tasks.o
                0x0000000008003730                xTaskCheckForTimeOut
 .text.vTaskMissedYield
                0x00000000080037f4       0x18 ./Middlewares/Third_Party/FreeRTOS/Source/tasks.o
                0x00000000080037f4                vTaskMissedYield
 .text.prvIdleTask
                0x000000000800380c       0x30 ./Middlewares/Third_Party/FreeRTOS/Source/tasks.o
 .text.prvInitialiseTaskLists
                0x000000000800383c       0x80 ./Middlewares/Third_Party/FreeRTOS/Source/tasks.o
 .text.prvCheckTasksWaitingTermination
                0x00000000080038bc       0x5c ./Middlewares/Third_Party/FreeRTOS/Source/tasks.o
 .text.prvTaskCheckFreeStackSpace
                0x0000000008003918       0x36 ./Middlewares/Third_Party/FreeRTOS/Source/tasks.o
 *fill*         0x000000000800394e        0x2 
 .text.uxTaskGetStackHighWaterMark
                0x0000000008003950       0x38 ./Middlewares/Third_Party/FreeRTOS/Source/tasks.o
                0x0000000008003950                uxTaskGetStackHighWaterMark
 .text.prvDeleteTCB
                0x0000000008003988       0x5e ./Middlewares/Third_Party/FreeRTOS/Source/tasks.o
 *fill*         0x00000000080039e6        0x2 
 .text.prvResetNextTaskUnblockTime
                0x00000000080039e8       0x48 ./Middlewares/Third_Party/FreeRTOS/Source/tasks.o
 .text.xTaskGetSchedulerState
                0x0000000008003a30       0x3c ./Middlewares/Third_Party/FreeRTOS/Source/tasks.o
                0x0000000008003a30                xTaskGetSchedulerState
 .text.xTaskPriorityDisinherit
                0x0000000008003a6c       0xdc ./Middlewares/Third_Party/FreeRTOS/Source/tasks.o
                0x0000000008003a6c                xTaskPriorityDisinherit
 .text.prvAddCurrentTaskToDelayedList
                0x0000000008003b48       0xa8 ./Middlewares/Third_Party/FreeRTOS/Source/tasks.o
 .text.xTimerCreateTimerTask
                0x0000000008003bf0       0x90 ./Middlewares/Third_Party/FreeRTOS/Source/timers.o
                0x0000000008003bf0                xTimerCreateTimerTask
 .text.xTimerGenericCommand
                0x0000000008003c80       0x9c ./Middlewares/Third_Party/FreeRTOS/Source/timers.o
                0x0000000008003c80                xTimerGenericCommand
 .text.prvProcessExpiredTimer
                0x0000000008003d1c       0x80 ./Middlewares/Third_Party/FreeRTOS/Source/timers.o
 .text.prvTimerTask
                0x0000000008003d9c       0x24 ./Middlewares/Third_Party/FreeRTOS/Source/timers.o
 .text.prvProcessTimerOrBlockTask
                0x0000000008003dc0       0x9c ./Middlewares/Third_Party/FreeRTOS/Source/timers.o
 .text.prvGetNextExpireTime
                0x0000000008003e5c       0x48 ./Middlewares/Third_Party/FreeRTOS/Source/timers.o
 .text.prvSampleTimeNow
                0x0000000008003ea4       0x40 ./Middlewares/Third_Party/FreeRTOS/Source/timers.o
 .text.prvInsertTimerInActiveList
                0x0000000008003ee4       0x84 ./Middlewares/Third_Party/FreeRTOS/Source/timers.o
 .text.prvProcessReceivedCommands
                0x0000000008003f68      0x168 ./Middlewares/Third_Party/FreeRTOS/Source/timers.o
 .text.prvSwitchTimerLists
                0x00000000080040d0       0xc4 ./Middlewares/Third_Party/FreeRTOS/Source/timers.o
 .text.prvCheckForValidListAndQueue
                0x0000000008004194       0x80 ./Middlewares/Third_Party/FreeRTOS/Source/timers.o
 .text.pxPortInitialiseStack
                0x0000000008004214       0x58 ./Middlewares/Third_Party/FreeRTOS/Source/portable/GCC/ARM_CM3/port.o
                0x0000000008004214                pxPortInitialiseStack
 .text.prvTaskExitError
                0x000000000800426c       0x58 ./Middlewares/Third_Party/FreeRTOS/Source/portable/GCC/ARM_CM3/port.o
 *fill*         0x00000000080042c4        0xc 
 .text.SVC_Handler
                0x00000000080042d0       0x28 ./Middlewares/Third_Party/FreeRTOS/Source/portable/GCC/ARM_CM3/port.o
                0x00000000080042d0                SVC_Handler
 .text.prvPortStartFirstTask
                0x00000000080042f8       0x20 ./Middlewares/Third_Party/FreeRTOS/Source/portable/GCC/ARM_CM3/port.o
 .text.xPortStartScheduler
                0x0000000008004318       0xe4 ./Middlewares/Third_Party/FreeRTOS/Source/portable/GCC/ARM_CM3/port.o
                0x0000000008004318                xPortStartScheduler
 .text.vPortEnterCritical
                0x00000000080043fc       0x60 ./Middlewares/Third_Party/FreeRTOS/Source/portable/GCC/ARM_CM3/port.o
                0x00000000080043fc                vPortEnterCritical
 .text.vPortExitCritical
                0x000000000800445c       0x50 ./Middlewares/Third_Party/FreeRTOS/Source/portable/GCC/ARM_CM3/port.o
                0x000000000800445c                vPortExitCritical
 *fill*         0x00000000080044ac        0x4 
 .text.PendSV_Handler
                0x00000000080044b0       0x48 ./Middlewares/Third_Party/FreeRTOS/Source/portable/GCC/ARM_CM3/port.o
                0x00000000080044b0                PendSV_Handler
 .text.SysTick_Handler
                0x00000000080044f8       0x44 ./Middlewares/Third_Party/FreeRTOS/Source/portable/GCC/ARM_CM3/port.o
                0x00000000080044f8                SysTick_Handler
 .text.vPortSetupTimerInterrupt
                0x000000000800453c       0x44 ./Middlewares/Third_Party/FreeRTOS/Source/portable/GCC/ARM_CM3/port.o
                0x000000000800453c                vPortSetupTimerInterrupt
 .text.vPortValidateInterruptPriority
                0x0000000008004580       0x7c ./Middlewares/Third_Party/FreeRTOS/Source/portable/GCC/ARM_CM3/port.o
                0x0000000008004580                vPortValidateInterruptPriority
 .text.pvPortMalloc
                0x00000000080045fc      0x188 ./Middlewares/Third_Party/FreeRTOS/Source/portable/MemMang/heap_4.o
                0x00000000080045fc                pvPortMalloc
 .text.vPortFree
                0x0000000008004784       0xb4 ./Middlewares/Third_Party/FreeRTOS/Source/portable/MemMang/heap_4.o
                0x0000000008004784                vPortFree
 .text.prvHeapInit
                0x0000000008004838       0xc4 ./Middlewares/Third_Party/FreeRTOS/Source/portable/MemMang/heap_4.o
 .text.prvInsertBlockIntoFreeList
                0x00000000080048fc       0xb0 ./Middlewares/Third_Party/FreeRTOS/Source/portable/MemMang/heap_4.o
 .text.prvTraceItmWrite
                0x00000000080049ac       0xc4 ./Middlewares/TraceRecorder/streamports/ARM_ITM/trcStreamPort.o
                0x00000000080049ac                prvTraceItmWrite
 .text.prvTraceItmRead
                0x0000000008004a70       0x70 ./Middlewares/TraceRecorder/streamports/ARM_ITM/trcStreamPort.o
                0x0000000008004a70                prvTraceItmRead
 .text.xTraceStreamPortInitialize
                0x0000000008004ae0       0x20 ./Middlewares/TraceRecorder/streamports/ARM_ITM/trcStreamPort.o
                0x0000000008004ae0                xTraceStreamPortInitialize
 .text.xTraceDiagnosticsInitialize
                0x0000000008004b00       0x4c ./Middlewares/TraceRecorder/trcDiagnostics.o
                0x0000000008004b00                xTraceDiagnosticsInitialize
 .text.xTraceDiagnosticsAdd
                0x0000000008004b4c       0x34 ./Middlewares/TraceRecorder/trcDiagnostics.o
                0x0000000008004b4c                xTraceDiagnosticsAdd
 .text.xTraceDiagnosticsIncrease
                0x0000000008004b80       0x1e ./Middlewares/TraceRecorder/trcDiagnostics.o
                0x0000000008004b80                xTraceDiagnosticsIncrease
 *fill*         0x0000000008004b9e        0x2 
 .text.xTraceDiagnosticsSetIfHigher
                0x0000000008004ba0       0x38 ./Middlewares/TraceRecorder/trcDiagnostics.o
                0x0000000008004ba0                xTraceDiagnosticsSetIfHigher
 .text.xTraceDiagnosticsCheckStatus
                0x0000000008004bd8       0x84 ./Middlewares/TraceRecorder/trcDiagnostics.o
                0x0000000008004bd8                xTraceDiagnosticsCheckStatus
 .text.xTraceEntryTableInitialize
                0x0000000008004c5c       0xb8 ./Middlewares/TraceRecorder/trcEntryTable.o
                0x0000000008004c5c                xTraceEntryTableInitialize
 .text.xTraceEntryCreate
                0x0000000008004d14       0xc0 ./Middlewares/TraceRecorder/trcEntryTable.o
                0x0000000008004d14                xTraceEntryCreate
 .text.xTraceEntrySetSymbol
                0x0000000008004dd4       0x7c ./Middlewares/TraceRecorder/trcEntryTable.o
                0x0000000008004dd4                xTraceEntrySetSymbol
 .text.xTraceEntryGetCount
                0x0000000008004e50       0x24 ./Middlewares/TraceRecorder/trcEntryTable.o
                0x0000000008004e50                xTraceEntryGetCount
 .text.xTraceEntryGetAtIndex
                0x0000000008004e74       0x30 ./Middlewares/TraceRecorder/trcEntryTable.o
                0x0000000008004e74                xTraceEntryGetAtIndex
 .text.prvEntryIndexInitialize
                0x0000000008004ea4       0x40 ./Middlewares/TraceRecorder/trcEntryTable.o
                0x0000000008004ea4                prvEntryIndexInitialize
 .text.prvEntryIndexTake
                0x0000000008004ee4       0x50 ./Middlewares/TraceRecorder/trcEntryTable.o
                0x0000000008004ee4                prvEntryIndexTake
 .text.xTraceErrorInitialize
                0x0000000008004f34       0x48 ./Middlewares/TraceRecorder/trcError.o
                0x0000000008004f34                xTraceErrorInitialize
 .text.xTraceWarning
                0x0000000008004f7c       0x60 ./Middlewares/TraceRecorder/trcError.o
                0x0000000008004f7c                xTraceWarning
 .text.xTraceError
                0x0000000008004fdc       0x80 ./Middlewares/TraceRecorder/trcError.o
                0x0000000008004fdc                xTraceError
 .text.prvTraceErrorPrint
                0x000000000800505c       0x8c ./Middlewares/TraceRecorder/trcError.o
                0x000000000800505c                prvTraceErrorPrint
 .text.prvTraceErrorGetDescription
                0x00000000080050e8      0x114 ./Middlewares/TraceRecorder/trcError.o
                0x00000000080050e8                prvTraceErrorGetDescription
 .text.xTraceEventInitialize
                0x00000000080051fc       0xa4 ./Middlewares/TraceRecorder/trcEvent.o
                0x00000000080051fc                xTraceEventInitialize
 .text.xTraceEventBeginRawOffline
                0x00000000080052a0       0xb0 ./Middlewares/TraceRecorder/trcEvent.o
                0x00000000080052a0                xTraceEventBeginRawOffline
 .text.xTraceEventBeginRawOfflineBlocking
                0x0000000008005350       0xb4 ./Middlewares/TraceRecorder/trcEvent.o
                0x0000000008005350                xTraceEventBeginRawOfflineBlocking
 .text.xTraceEventEndOffline
                0x0000000008005404       0x48 ./Middlewares/TraceRecorder/trcEvent.o
                0x0000000008005404                xTraceEventEndOffline
 .text.xTraceEventEndOfflineBlocking
                0x000000000800544c       0x74 ./Middlewares/TraceRecorder/trcEvent.o
                0x000000000800544c                xTraceEventEndOfflineBlocking
 .text.xTraceEventAddData
                0x00000000080054c0       0x4a ./Middlewares/TraceRecorder/trcEvent.o
                0x00000000080054c0                xTraceEventAddData
 *fill*         0x000000000800550a        0x2 
 .text.xTraceHardwarePortInitCortexM
                0x000000000800550c       0x68 ./Middlewares/TraceRecorder/trcHardwarePort.o
                0x000000000800550c                xTraceHardwarePortInitCortexM
 .text.xTraceHeapCreate
                0x0000000008005574       0x40 ./Middlewares/TraceRecorder/trcHeap.o
                0x0000000008005574                xTraceHeapCreate
 .text.xTraceISRInitialize
                0x00000000080055b4       0x7c ./Middlewares/TraceRecorder/trcISR.o
                0x00000000080055b4                xTraceISRInitialize
 .text.xTraceKernelPortGetUnusedStack
                0x0000000008005630       0x20 ./Middlewares/TraceRecorder/trcKernelPort.o
                0x0000000008005630                xTraceKernelPortGetUnusedStack
 .text.xTraceKernelPortInitialize
                0x0000000008005650       0x38 ./Middlewares/TraceRecorder/trcKernelPort.o
                0x0000000008005650                xTraceKernelPortInitialize
 .text.xTraceKernelPortEnable
                0x0000000008005688       0x88 ./Middlewares/TraceRecorder/trcKernelPort.o
                0x0000000008005688                xTraceKernelPortEnable
 .text.TzCtrl   0x0000000008005710       0x14 ./Middlewares/TraceRecorder/trcKernelPort.o
 .text.xTraceObjectRegisterInternal
                0x0000000008005724      0x220 ./Middlewares/TraceRecorder/trcObject.o
                0x0000000008005724                xTraceObjectRegisterInternal
 .text.xTraceObjectSetName
                0x0000000008005944       0x3c ./Middlewares/TraceRecorder/trcObject.o
                0x0000000008005944                xTraceObjectSetName
 .text.prvTraceObjectSendNameEvent
                0x0000000008005980      0x170 ./Middlewares/TraceRecorder/trcObject.o
                0x0000000008005980                prvTraceObjectSendNameEvent
 .text.xTracePrintInitialize
                0x0000000008005af0       0x40 ./Middlewares/TraceRecorder/trcPrint.o
                0x0000000008005af0                xTracePrintInitialize
 .text.xTracePrint
                0x0000000008005b30       0x70 ./Middlewares/TraceRecorder/trcPrint.o
                0x0000000008005b30                xTracePrint
 .text.xTracePrintF
                0x0000000008005ba0       0x40 ./Middlewares/TraceRecorder/trcPrint.o
                0x0000000008005ba0                xTracePrintF
 .text.xTraceVPrintF
                0x0000000008005be0       0xac ./Middlewares/TraceRecorder/trcPrint.o
                0x0000000008005be0                xTraceVPrintF
 .text.prvTraceVPrintF
                0x0000000008005c8c      0x1e8 ./Middlewares/TraceRecorder/trcPrint.o
 .text.xTraceStackMonitorInitialize
                0x0000000008005e74       0x54 ./Middlewares/TraceRecorder/trcStackMonitor.o
                0x0000000008005e74                xTraceStackMonitorInitialize
 .text.xTraceStackMonitorReport
                0x0000000008005ec8      0x1c4 ./Middlewares/TraceRecorder/trcStackMonitor.o
                0x0000000008005ec8                xTraceStackMonitorReport
 .text.xTraceStaticBufferInitialize
                0x000000000800608c       0x30 ./Middlewares/TraceRecorder/trcStaticBuffer.o
                0x000000000800608c                xTraceStaticBufferInitialize
 .text.xTraceInitialize
                0x00000000080060bc      0x178 ./Middlewares/TraceRecorder/trcStreamingRecorder.o
                0x00000000080060bc                xTraceInitialize
 .text.xTraceHeaderInitialize
                0x0000000008006234       0xc4 ./Middlewares/TraceRecorder/trcStreamingRecorder.o
                0x0000000008006234                xTraceHeaderInitialize
 .text.xTraceEnable
                0x00000000080062f8       0xc0 ./Middlewares/TraceRecorder/trcStreamingRecorder.o
                0x00000000080062f8                xTraceEnable
 .text.xTraceDisable
                0x00000000080063b8        0xe ./Middlewares/TraceRecorder/trcStreamingRecorder.o
                0x00000000080063b8                xTraceDisable
 *fill*         0x00000000080063c6        0x2 
 .text.xTraceTzCtrl
                0x00000000080063c8       0x80 ./Middlewares/TraceRecorder/trcStreamingRecorder.o
                0x00000000080063c8                xTraceTzCtrl
 .text.prvSetRecorderEnabled
                0x0000000008006448       0xa0 ./Middlewares/TraceRecorder/trcStreamingRecorder.o
 .text.prvSetRecorderDisabled
                0x00000000080064e8       0x48 ./Middlewares/TraceRecorder/trcStreamingRecorder.o
 .text.prvTraceStoreHeader
                0x0000000008006530       0x38 ./Middlewares/TraceRecorder/trcStreamingRecorder.o
 .text.prvTraceStoreTimestampInfo
                0x0000000008006568       0x4c ./Middlewares/TraceRecorder/trcStreamingRecorder.o
 .text.prvTraceStoreEntryTable
                0x00000000080065b4       0xde ./Middlewares/TraceRecorder/trcStreamingRecorder.o
 *fill*         0x0000000008006692        0x2 
 .text.prvTraceStoreStartEvent
                0x0000000008006694       0xd4 ./Middlewares/TraceRecorder/trcStreamingRecorder.o
 .text.prvIsValidCommand
                0x0000000008006768       0x80 ./Middlewares/TraceRecorder/trcStreamingRecorder.o
 .text.prvProcessCommand
                0x00000000080067e8       0x2e ./Middlewares/TraceRecorder/trcStreamingRecorder.o
 *fill*         0x0000000008006816        0x2 
 .text.xTraceStringRegister
                0x0000000008006818      0x194 ./Middlewares/TraceRecorder/trcString.o
                0x0000000008006818                xTraceStringRegister
 .text.xTraceTaskInitialize
                0x00000000080069ac       0x4c ./Middlewares/TraceRecorder/trcTask.o
                0x00000000080069ac                xTraceTaskInitialize
 .text.xTraceTimestampInitialize
                0x00000000080069f8       0x68 ./Middlewares/TraceRecorder/trcTimestamp.o
                0x00000000080069f8                xTraceTimestampInitialize
 .text.__errno  0x0000000008006a60        0xc c:/st/stm32cubeide_1.10.1/stm32cubeide/plugins/com.st.stm32cube.ide.mcu.externaltools.gnu-tools-for-stm32.10.3-2021.10.win32_1.0.0.202111181127/tools/bin/../lib/gcc/arm-none-eabi/10.3.1/../../../../arm-none-eabi/lib/thumb/v7-m/nofp\libc_nano.a(lib_a-errno.o)
                0x0000000008006a60                __errno
 .text.__libc_init_array
                0x0000000008006a6c       0x48 c:/st/stm32cubeide_1.10.1/stm32cubeide/plugins/com.st.stm32cube.ide.mcu.externaltools.gnu-tools-for-stm32.10.3-2021.10.win32_1.0.0.202111181127/tools/bin/../lib/gcc/arm-none-eabi/10.3.1/../../../../arm-none-eabi/lib/thumb/v7-m/nofp\libc_nano.a(lib_a-init.o)
                0x0000000008006a6c                __libc_init_array
 .text.memcpy   0x0000000008006ab4       0x1c c:/st/stm32cubeide_1.10.1/stm32cubeide/plugins/com.st.stm32cube.ide.mcu.externaltools.gnu-tools-for-stm32.10.3-2021.10.win32_1.0.0.202111181127/tools/bin/../lib/gcc/arm-none-eabi/10.3.1/../../../../arm-none-eabi/lib/thumb/v7-m/nofp\libc_nano.a(lib_a-memcpy-stub.o)
                0x0000000008006ab4                memcpy
 .text.memset   0x0000000008006ad0       0x10 c:/st/stm32cubeide_1.10.1/stm32cubeide/plugins/com.st.stm32cube.ide.mcu.externaltools.gnu-tools-for-stm32.10.3-2021.10.win32_1.0.0.202111181127/tools/bin/../lib/gcc/arm-none-eabi/10.3.1/../../../../arm-none-eabi/lib/thumb/v7-m/nofp\libc_nano.a(lib_a-memset.o)
                0x0000000008006ad0                memset
 .text.printf   0x0000000008006ae0       0x30 c:/st/stm32cubeide_1.10.1/stm32cubeide/plugins/com.st.stm32cube.ide.mcu.externaltools.gnu-tools-for-stm32.10.3-2021.10.win32_1.0.0.202111181127/tools/bin/../lib/gcc/arm-none-eabi/10.3.1/../../../../arm-none-eabi/lib/thumb/v7-m/nofp\libc_nano.a(lib_a-printf.o)
                0x0000000008006ae0                iprintf
                0x0000000008006ae0                printf
 .text.std      0x0000000008006b10       0x48 c:/st/stm32cubeide_1.10.1/stm32cubeide/plugins/com.st.stm32cube.ide.mcu.externaltools.gnu-tools-for-stm32.10.3-2021.10.win32_1.0.0.202111181127/tools/bin/../lib/gcc/arm-none-eabi/10.3.1/../../../../arm-none-eabi/lib/thumb/v7-m/nofp\libc_nano.a(lib_a-findfp.o)
 .text._cleanup_r
                0x0000000008006b58        0xc c:/st/stm32cubeide_1.10.1/stm32cubeide/plugins/com.st.stm32cube.ide.mcu.externaltools.gnu-tools-for-stm32.10.3-2021.10.win32_1.0.0.202111181127/tools/bin/../lib/gcc/arm-none-eabi/10.3.1/../../../../arm-none-eabi/lib/thumb/v7-m/nofp\libc_nano.a(lib_a-findfp.o)
                0x0000000008006b58                _cleanup_r
 .text.__sfmoreglue
                0x0000000008006b64       0x2c c:/st/stm32cubeide_1.10.1/stm32cubeide/plugins/com.st.stm32cube.ide.mcu.externaltools.gnu-tools-for-stm32.10.3-2021.10.win32_1.0.0.202111181127/tools/bin/../lib/gcc/arm-none-eabi/10.3.1/../../../../arm-none-eabi/lib/thumb/v7-m/nofp\libc_nano.a(lib_a-findfp.o)
                0x0000000008006b64                __sfmoreglue
 .text.__sfp_lock_acquire
                0x0000000008006b90        0xc c:/st/stm32cubeide_1.10.1/stm32cubeide/plugins/com.st.stm32cube.ide.mcu.externaltools.gnu-tools-for-stm32.10.3-2021.10.win32_1.0.0.202111181127/tools/bin/../lib/gcc/arm-none-eabi/10.3.1/../../../../arm-none-eabi/lib/thumb/v7-m/nofp\libc_nano.a(lib_a-findfp.o)
                0x0000000008006b90                __sfp_lock_acquire
 .text.__sfp_lock_release
                0x0000000008006b9c        0xc c:/st/stm32cubeide_1.10.1/stm32cubeide/plugins/com.st.stm32cube.ide.mcu.externaltools.gnu-tools-for-stm32.10.3-2021.10.win32_1.0.0.202111181127/tools/bin/../lib/gcc/arm-none-eabi/10.3.1/../../../../arm-none-eabi/lib/thumb/v7-m/nofp\libc_nano.a(lib_a-findfp.o)
                0x0000000008006b9c                __sfp_lock_release
 .text.__sinit_lock_acquire
                0x0000000008006ba8        0xc c:/st/stm32cubeide_1.10.1/stm32cubeide/plugins/com.st.stm32cube.ide.mcu.externaltools.gnu-tools-for-stm32.10.3-2021.10.win32_1.0.0.202111181127/tools/bin/../lib/gcc/arm-none-eabi/10.3.1/../../../../arm-none-eabi/lib/thumb/v7-m/nofp\libc_nano.a(lib_a-findfp.o)
                0x0000000008006ba8                __sinit_lock_acquire
 .text.__sinit_lock_release
                0x0000000008006bb4        0xc c:/st/stm32cubeide_1.10.1/stm32cubeide/plugins/com.st.stm32cube.ide.mcu.externaltools.gnu-tools-for-stm32.10.3-2021.10.win32_1.0.0.202111181127/tools/bin/../lib/gcc/arm-none-eabi/10.3.1/../../../../arm-none-eabi/lib/thumb/v7-m/nofp\libc_nano.a(lib_a-findfp.o)
                0x0000000008006bb4                __sinit_lock_release
 .text.__sinit  0x0000000008006bc0       0x70 c:/st/stm32cubeide_1.10.1/stm32cubeide/plugins/com.st.stm32cube.ide.mcu.externaltools.gnu-tools-for-stm32.10.3-2021.10.win32_1.0.0.202111181127/tools/bin/../lib/gcc/arm-none-eabi/10.3.1/../../../../arm-none-eabi/lib/thumb/v7-m/nofp\libc_nano.a(lib_a-findfp.o)
                0x0000000008006bc0                __sinit
 .text.__sfp    0x0000000008006c30       0x8c c:/st/stm32cubeide_1.10.1/stm32cubeide/plugins/com.st.stm32cube.ide.mcu.externaltools.gnu-tools-for-stm32.10.3-2021.10.win32_1.0.0.202111181127/tools/bin/../lib/gcc/arm-none-eabi/10.3.1/../../../../arm-none-eabi/lib/thumb/v7-m/nofp\libc_nano.a(lib_a-findfp.o)
                0x0000000008006c30                __sfp
 .text._fwalk_reent
                0x0000000008006cbc       0x3e c:/st/stm32cubeide_1.10.1/stm32cubeide/plugins/com.st.stm32cube.ide.mcu.externaltools.gnu-tools-for-stm32.10.3-2021.10.win32_1.0.0.202111181127/tools/bin/../lib/gcc/arm-none-eabi/10.3.1/../../../../arm-none-eabi/lib/thumb/v7-m/nofp\libc_nano.a(lib_a-fwalk.o)
                0x0000000008006cbc                _fwalk_reent
 .text.__retarget_lock_init_recursive
                0x0000000008006cfa        0x2 c:/st/stm32cubeide_1.10.1/stm32cubeide/plugins/com.st.stm32cube.ide.mcu.externaltools.gnu-tools-for-stm32.10.3-2021.10.win32_1.0.0.202111181127/tools/bin/../lib/gcc/arm-none-eabi/10.3.1/../../../../arm-none-eabi/lib/thumb/v7-m/nofp\libc_nano.a(lib_a-lock.o)
                0x0000000008006cfa                __retarget_lock_init_recursive
 .text.__retarget_lock_acquire_recursive
                0x0000000008006cfc        0x2 c:/st/stm32cubeide_1.10.1/stm32cubeide/plugins/com.st.stm32cube.ide.mcu.externaltools.gnu-tools-for-stm32.10.3-2021.10.win32_1.0.0.202111181127/tools/bin/../lib/gcc/arm-none-eabi/10.3.1/../../../../arm-none-eabi/lib/thumb/v7-m/nofp\libc_nano.a(lib_a-lock.o)
                0x0000000008006cfc                __retarget_lock_acquire_recursive
 .text.__retarget_lock_release_recursive
                0x0000000008006cfe        0x2 c:/st/stm32cubeide_1.10.1/stm32cubeide/plugins/com.st.stm32cube.ide.mcu.externaltools.gnu-tools-for-stm32.10.3-2021.10.win32_1.0.0.202111181127/tools/bin/../lib/gcc/arm-none-eabi/10.3.1/../../../../arm-none-eabi/lib/thumb/v7-m/nofp\libc_nano.a(lib_a-lock.o)
                0x0000000008006cfe                __retarget_lock_release_recursive
 .text.sbrk_aligned
                0x0000000008006d00       0x40 c:/st/stm32cubeide_1.10.1/stm32cubeide/plugins/com.st.stm32cube.ide.mcu.externaltools.gnu-tools-for-stm32.10.3-2021.10.win32_1.0.0.202111181127/tools/bin/../lib/gcc/arm-none-eabi/10.3.1/../../../../arm-none-eabi/lib/thumb/v7-m/nofp\libc_nano.a(lib_a-nano-mallocr.o)
 .text._malloc_r
                0x0000000008006d40       0xe8 c:/st/stm32cubeide_1.10.1/stm32cubeide/plugins/com.st.stm32cube.ide.mcu.externaltools.gnu-tools-for-stm32.10.3-2021.10.win32_1.0.0.202111181127/tools/bin/../lib/gcc/arm-none-eabi/10.3.1/../../../../arm-none-eabi/lib/thumb/v7-m/nofp\libc_nano.a(lib_a-nano-mallocr.o)
                0x0000000008006d40                _malloc_r
 .text.__sfputc_r
                0x0000000008006e28       0x2a c:/st/stm32cubeide_1.10.1/stm32cubeide/plugins/com.st.stm32cube.ide.mcu.externaltools.gnu-tools-for-stm32.10.3-2021.10.win32_1.0.0.202111181127/tools/bin/../lib/gcc/arm-none-eabi/10.3.1/../../../../arm-none-eabi/lib/thumb/v7-m/nofp\libc_nano.a(lib_a-nano-vfprintf.o)
 .text.__sfputs_r
                0x0000000008006e52       0x24 c:/st/stm32cubeide_1.10.1/stm32cubeide/plugins/com.st.stm32cube.ide.mcu.externaltools.gnu-tools-for-stm32.10.3-2021.10.win32_1.0.0.202111181127/tools/bin/../lib/gcc/arm-none-eabi/10.3.1/../../../../arm-none-eabi/lib/thumb/v7-m/nofp\libc_nano.a(lib_a-nano-vfprintf.o)
                0x0000000008006e52                __sfputs_r
 *fill*         0x0000000008006e76        0x2 
 .text._vfprintf_r
                0x0000000008006e78      0x260 c:/st/stm32cubeide_1.10.1/stm32cubeide/plugins/com.st.stm32cube.ide.mcu.externaltools.gnu-tools-for-stm32.10.3-2021.10.win32_1.0.0.202111181127/tools/bin/../lib/gcc/arm-none-eabi/10.3.1/../../../../arm-none-eabi/lib/thumb/v7-m/nofp\libc_nano.a(lib_a-nano-vfprintf.o)
                0x0000000008006e78                _vfprintf_r
                0x0000000008006e78                _vfiprintf_r
 .text._printf_common
                0x00000000080070d8       0xde c:/st/stm32cubeide_1.10.1/stm32cubeide/plugins/com.st.stm32cube.ide.mcu.externaltools.gnu-tools-for-stm32.10.3-2021.10.win32_1.0.0.202111181127/tools/bin/../lib/gcc/arm-none-eabi/10.3.1/../../../../arm-none-eabi/lib/thumb/v7-m/nofp\libc_nano.a(lib_a-nano-vfprintf_i.o)
                0x00000000080070d8                _printf_common
 *fill*         0x00000000080071b6        0x2 
 .text._printf_i
                0x00000000080071b8      0x24c c:/st/stm32cubeide_1.10.1/stm32cubeide/plugins/com.st.stm32cube.ide.mcu.externaltools.gnu-tools-for-stm32.10.3-2021.10.win32_1.0.0.202111181127/tools/bin/../lib/gcc/arm-none-eabi/10.3.1/../../../../arm-none-eabi/lib/thumb/v7-m/nofp\libc_nano.a(lib_a-nano-vfprintf_i.o)
                0x00000000080071b8                _printf_i
 .text._sbrk_r  0x0000000008007404       0x20 c:/st/stm32cubeide_1.10.1/stm32cubeide/plugins/com.st.stm32cube.ide.mcu.externaltools.gnu-tools-for-stm32.10.3-2021.10.win32_1.0.0.202111181127/tools/bin/../lib/gcc/arm-none-eabi/10.3.1/../../../../arm-none-eabi/lib/thumb/v7-m/nofp\libc_nano.a(lib_a-sbrkr.o)
                0x0000000008007404                _sbrk_r
 .text.__sread  0x0000000008007424       0x22 c:/st/stm32cubeide_1.10.1/stm32cubeide/plugins/com.st.stm32cube.ide.mcu.externaltools.gnu-tools-for-stm32.10.3-2021.10.win32_1.0.0.202111181127/tools/bin/../lib/gcc/arm-none-eabi/10.3.1/../../../../arm-none-eabi/lib/thumb/v7-m/nofp\libc_nano.a(lib_a-stdio.o)
                0x0000000008007424                __sread
 .text.__swrite
                0x0000000008007446       0x38 c:/st/stm32cubeide_1.10.1/stm32cubeide/plugins/com.st.stm32cube.ide.mcu.externaltools.gnu-tools-for-stm32.10.3-2021.10.win32_1.0.0.202111181127/tools/bin/../lib/gcc/arm-none-eabi/10.3.1/../../../../arm-none-eabi/lib/thumb/v7-m/nofp\libc_nano.a(lib_a-stdio.o)
                0x0000000008007446                __swrite
 .text.__sseek  0x000000000800747e       0x24 c:/st/stm32cubeide_1.10.1/stm32cubeide/plugins/com.st.stm32cube.ide.mcu.externaltools.gnu-tools-for-stm32.10.3-2021.10.win32_1.0.0.202111181127/tools/bin/../lib/gcc/arm-none-eabi/10.3.1/../../../../arm-none-eabi/lib/thumb/v7-m/nofp\libc_nano.a(lib_a-stdio.o)
                0x000000000800747e                __sseek
 .text.__sclose
                0x00000000080074a2        0x8 c:/st/stm32cubeide_1.10.1/stm32cubeide/plugins/com.st.stm32cube.ide.mcu.externaltools.gnu-tools-for-stm32.10.3-2021.10.win32_1.0.0.202111181127/tools/bin/../lib/gcc/arm-none-eabi/10.3.1/../../../../arm-none-eabi/lib/thumb/v7-m/nofp\libc_nano.a(lib_a-stdio.o)
                0x00000000080074a2                __sclose
 *fill*         0x00000000080074aa        0x2 
 .text.__swbuf_r
                0x00000000080074ac       0xa4 c:/st/stm32cubeide_1.10.1/stm32cubeide/plugins/com.st.stm32cube.ide.mcu.externaltools.gnu-tools-for-stm32.10.3-2021.10.win32_1.0.0.202111181127/tools/bin/../lib/gcc/arm-none-eabi/10.3.1/../../../../arm-none-eabi/lib/thumb/v7-m/nofp\libc_nano.a(lib_a-wbuf.o)
                0x00000000080074ac                __swbuf_r
 .text._write_r
                0x0000000008007550       0x24 c:/st/stm32cubeide_1.10.1/stm32cubeide/plugins/com.st.stm32cube.ide.mcu.externaltools.gnu-tools-for-stm32.10.3-2021.10.win32_1.0.0.202111181127/tools/bin/../lib/gcc/arm-none-eabi/10.3.1/../../../../arm-none-eabi/lib/thumb/v7-m/nofp\libc_nano.a(lib_a-writer.o)
                0x0000000008007550                _write_r
 .text.__swsetup_r
                0x0000000008007574       0xdc c:/st/stm32cubeide_1.10.1/stm32cubeide/plugins/com.st.stm32cube.ide.mcu.externaltools.gnu-tools-for-stm32.10.3-2021.10.win32_1.0.0.202111181127/tools/bin/../lib/gcc/arm-none-eabi/10.3.1/../../../../arm-none-eabi/lib/thumb/v7-m/nofp\libc_nano.a(lib_a-wsetup.o)
                0x0000000008007574                __swsetup_r
 .text._close_r
                0x0000000008007650       0x20 c:/st/stm32cubeide_1.10.1/stm32cubeide/plugins/com.st.stm32cube.ide.mcu.externaltools.gnu-tools-for-stm32.10.3-2021.10.win32_1.0.0.202111181127/tools/bin/../lib/gcc/arm-none-eabi/10.3.1/../../../../arm-none-eabi/lib/thumb/v7-m/nofp\libc_nano.a(lib_a-closer.o)
                0x0000000008007650                _close_r
 .text.__sflush_r
                0x0000000008007670      0x104 c:/st/stm32cubeide_1.10.1/stm32cubeide/plugins/com.st.stm32cube.ide.mcu.externaltools.gnu-tools-for-stm32.10.3-2021.10.win32_1.0.0.202111181127/tools/bin/../lib/gcc/arm-none-eabi/10.3.1/../../../../arm-none-eabi/lib/thumb/v7-m/nofp\libc_nano.a(lib_a-fflush.o)
                0x0000000008007670                __sflush_r
 .text._fflush_r
                0x0000000008007774       0x78 c:/st/stm32cubeide_1.10.1/stm32cubeide/plugins/com.st.stm32cube.ide.mcu.externaltools.gnu-tools-for-stm32.10.3-2021.10.win32_1.0.0.202111181127/tools/bin/../lib/gcc/arm-none-eabi/10.3.1/../../../../arm-none-eabi/lib/thumb/v7-m/nofp\libc_nano.a(lib_a-fflush.o)
                0x0000000008007774                _fflush_r
 .text._lseek_r
                0x00000000080077ec       0x24 c:/st/stm32cubeide_1.10.1/stm32cubeide/plugins/com.st.stm32cube.ide.mcu.externaltools.gnu-tools-for-stm32.10.3-2021.10.win32_1.0.0.202111181127/tools/bin/../lib/gcc/arm-none-eabi/10.3.1/../../../../arm-none-eabi/lib/thumb/v7-m/nofp\libc_nano.a(lib_a-lseekr.o)
                0x00000000080077ec                _lseek_r
 .text.__swhatbuf_r
                0x0000000008007810       0x4a c:/st/stm32cubeide_1.10.1/stm32cubeide/plugins/com.st.stm32cube.ide.mcu.externaltools.gnu-tools-for-stm32.10.3-2021.10.win32_1.0.0.202111181127/tools/bin/../lib/gcc/arm-none-eabi/10.3.1/../../../../arm-none-eabi/lib/thumb/v7-m/nofp\libc_nano.a(lib_a-makebuf.o)
                0x0000000008007810                __swhatbuf_r
 *fill*         0x000000000800785a        0x2 
 .text.__smakebuf_r
                0x000000000800785c       0x80 c:/st/stm32cubeide_1.10.1/stm32cubeide/plugins/com.st.stm32cube.ide.mcu.externaltools.gnu-tools-for-stm32.10.3-2021.10.win32_1.0.0.202111181127/tools/bin/../lib/gcc/arm-none-eabi/10.3.1/../../../../arm-none-eabi/lib/thumb/v7-m/nofp\libc_nano.a(lib_a-makebuf.o)
                0x000000000800785c                __smakebuf_r
 .text.memchr   0x00000000080078dc       0x1c c:/st/stm32cubeide_1.10.1/stm32cubeide/plugins/com.st.stm32cube.ide.mcu.externaltools.gnu-tools-for-stm32.10.3-2021.10.win32_1.0.0.202111181127/tools/bin/../lib/gcc/arm-none-eabi/10.3.1/../../../../arm-none-eabi/lib/thumb/v7-m/nofp\libc_nano.a(lib_a-memchr-stub.o)
                0x00000000080078dc                memchr
 .text.__malloc_lock
                0x00000000080078f8        0xc c:/st/stm32cubeide_1.10.1/stm32cubeide/plugins/com.st.stm32cube.ide.mcu.externaltools.gnu-tools-for-stm32.10.3-2021.10.win32_1.0.0.202111181127/tools/bin/../lib/gcc/arm-none-eabi/10.3.1/../../../../arm-none-eabi/lib/thumb/v7-m/nofp\libc_nano.a(lib_a-mlock.o)
                0x00000000080078f8                __malloc_lock
 .text.__malloc_unlock
                0x0000000008007904        0xc c:/st/stm32cubeide_1.10.1/stm32cubeide/plugins/com.st.stm32cube.ide.mcu.externaltools.gnu-tools-for-stm32.10.3-2021.10.win32_1.0.0.202111181127/tools/bin/../lib/gcc/arm-none-eabi/10.3.1/../../../../arm-none-eabi/lib/thumb/v7-m/nofp\libc_nano.a(lib_a-mlock.o)
                0x0000000008007904                __malloc_unlock
 .text._free_r  0x0000000008007910       0x90 c:/st/stm32cubeide_1.10.1/stm32cubeide/plugins/com.st.stm32cube.ide.mcu.externaltools.gnu-tools-for-stm32.10.3-2021.10.win32_1.0.0.202111181127/tools/bin/../lib/gcc/arm-none-eabi/10.3.1/../../../../arm-none-eabi/lib/thumb/v7-m/nofp\libc_nano.a(lib_a-nano-freer.o)
                0x0000000008007910                _free_r
 .text._read_r  0x00000000080079a0       0x24 c:/st/stm32cubeide_1.10.1/stm32cubeide/plugins/com.st.stm32cube.ide.mcu.externaltools.gnu-tools-for-stm32.10.3-2021.10.win32_1.0.0.202111181127/tools/bin/../lib/gcc/arm-none-eabi/10.3.1/../../../../arm-none-eabi/lib/thumb/v7-m/nofp\libc_nano.a(lib_a-readr.o)
                0x00000000080079a0                _read_r
 .text._fstat_r
                0x00000000080079c4       0x24 c:/st/stm32cubeide_1.10.1/stm32cubeide/plugins/com.st.stm32cube.ide.mcu.externaltools.gnu-tools-for-stm32.10.3-2021.10.win32_1.0.0.202111181127/tools/bin/../lib/gcc/arm-none-eabi/10.3.1/../../../../arm-none-eabi/lib/thumb/v7-m/nofp\libc_nano.a(lib_a-fstatr.o)
                0x00000000080079c4                _fstat_r
 .text._isatty_r
                0x00000000080079e8       0x20 c:/st/stm32cubeide_1.10.1/stm32cubeide/plugins/com.st.stm32cube.ide.mcu.externaltools.gnu-tools-for-stm32.10.3-2021.10.win32_1.0.0.202111181127/tools/bin/../lib/gcc/arm-none-eabi/10.3.1/../../../../arm-none-eabi/lib/thumb/v7-m/nofp\libc_nano.a(lib_a-isattyr.o)
                0x00000000080079e8                _isatty_r
 *(.glue_7)
 .glue_7        0x0000000008007a08        0x0 linker stubs
 *(.glue_7t)
 .glue_7t       0x0000000008007a08        0x0 linker stubs
 *(.eh_frame)
 .eh_frame      0x0000000008007a08        0x0 c:/st/stm32cubeide_1.10.1/stm32cubeide/plugins/com.st.stm32cube.ide.mcu.externaltools.gnu-tools-for-stm32.10.3-2021.10.win32_1.0.0.202111181127/tools/bin/../lib/gcc/arm-none-eabi/10.3.1/thumb/v7-m/nofp/crtbegin.o
 *(.init)
 .init          0x0000000008007a08        0x4 c:/st/stm32cubeide_1.10.1/stm32cubeide/plugins/com.st.stm32cube.ide.mcu.externaltools.gnu-tools-for-stm32.10.3-2021.10.win32_1.0.0.202111181127/tools/bin/../lib/gcc/arm-none-eabi/10.3.1/thumb/v7-m/nofp/crti.o
                0x0000000008007a08                _init
 .init          0x0000000008007a0c        0x8 c:/st/stm32cubeide_1.10.1/stm32cubeide/plugins/com.st.stm32cube.ide.mcu.externaltools.gnu-tools-for-stm32.10.3-2021.10.win32_1.0.0.202111181127/tools/bin/../lib/gcc/arm-none-eabi/10.3.1/thumb/v7-m/nofp/crtn.o
 *(.fini)
 .fini          0x0000000008007a14        0x4 c:/st/stm32cubeide_1.10.1/stm32cubeide/plugins/com.st.stm32cube.ide.mcu.externaltools.gnu-tools-for-stm32.10.3-2021.10.win32_1.0.0.202111181127/tools/bin/../lib/gcc/arm-none-eabi/10.3.1/thumb/v7-m/nofp/crti.o
                0x0000000008007a14                _fini
 .fini          0x0000000008007a18        0x8 c:/st/stm32cubeide_1.10.1/stm32cubeide/plugins/com.st.stm32cube.ide.mcu.externaltools.gnu-tools-for-stm32.10.3-2021.10.win32_1.0.0.202111181127/tools/bin/../lib/gcc/arm-none-eabi/10.3.1/thumb/v7-m/nofp/crtn.o
                0x0000000008007a20                . = ALIGN (0x4)
                0x0000000008007a20                _etext = .

.vfp11_veneer   0x0000000008007a20        0x0
 .vfp11_veneer  0x0000000008007a20        0x0 linker stubs

.v4_bx          0x0000000008007a20        0x0
 .v4_bx         0x0000000008007a20        0x0 linker stubs

.iplt           0x0000000008007a20        0x0
 .iplt          0x0000000008007a20        0x0 c:/st/stm32cubeide_1.10.1/stm32cubeide/plugins/com.st.stm32cube.ide.mcu.externaltools.gnu-tools-for-stm32.10.3-2021.10.win32_1.0.0.202111181127/tools/bin/../lib/gcc/arm-none-eabi/10.3.1/thumb/v7-m/nofp/crtbegin.o

.rodata         0x0000000008007a20      0x310
                0x0000000008007a20                . = ALIGN (0x4)
 *(.rodata)
 .rodata        0x0000000008007a20        0xc ./Core/Src/main.o
 .rodata        0x0000000008007a2c        0x5 ./Middlewares/Third_Party/FreeRTOS/Source/tasks.o
 *fill*         0x0000000008007a31        0x3 
 .rodata        0x0000000008007a34        0xd ./Middlewares/Third_Party/FreeRTOS/Source/timers.o
 *fill*         0x0000000008007a41        0x3 
 .rodata        0x0000000008007a44        0x1 ./Middlewares/TraceRecorder/trcEntryTable.o
 *fill*         0x0000000008007a45        0x3 
 .rodata        0x0000000008007a48      0x1c8 ./Middlewares/TraceRecorder/trcError.o
 .rodata        0x0000000008007c10       0x13 ./Middlewares/TraceRecorder/trcKernelPort.o
 *fill*         0x0000000008007c23        0x1 
 .rodata        0x0000000008007c24        0x1 ./Middlewares/TraceRecorder/trcObject.o
 *fill*         0x0000000008007c25        0x3 
 .rodata        0x0000000008007c28       0x1c ./Middlewares/TraceRecorder/trcPrint.o
 .rodata        0x0000000008007c44        0x9 ./Middlewares/TraceRecorder/trcStreamingRecorder.o
 *(.rodata*)
 *fill*         0x0000000008007c4d        0x3 
 .rodata.defaultTask_attributes
                0x0000000008007c50       0x24 ./Core/Src/main.o
                0x0000000008007c50                defaultTask_attributes
 .rodata.PLLMulTable
                0x0000000008007c74        0x9 ./Core/Src/system_stm32l1xx.o
                0x0000000008007c74                PLLMulTable
 *fill*         0x0000000008007c7d        0x3 
 .rodata.AHBPrescTable
                0x0000000008007c80       0x10 ./Core/Src/system_stm32l1xx.o
                0x0000000008007c80                AHBPrescTable
 .rodata.APBPrescTable
                0x0000000008007c90        0x8 ./Core/Src/system_stm32l1xx.o
                0x0000000008007c90                APBPrescTable
 .rodata._global_impure_ptr
                0x0000000008007c98        0x4 c:/st/stm32cubeide_1.10.1/stm32cubeide/plugins/com.st.stm32cube.ide.mcu.externaltools.gnu-tools-for-stm32.10.3-2021.10.win32_1.0.0.202111181127/tools/bin/../lib/gcc/arm-none-eabi/10.3.1/../../../../arm-none-eabi/lib/thumb/v7-m/nofp\libc_nano.a(lib_a-impure.o)
                0x0000000008007c98                _global_impure_ptr
 .rodata.__sf_fake_stderr
                0x0000000008007c9c       0x20 c:/st/stm32cubeide_1.10.1/stm32cubeide/plugins/com.st.stm32cube.ide.mcu.externaltools.gnu-tools-for-stm32.10.3-2021.10.win32_1.0.0.202111181127/tools/bin/../lib/gcc/arm-none-eabi/10.3.1/../../../../arm-none-eabi/lib/thumb/v7-m/nofp\libc_nano.a(lib_a-findfp.o)
                0x0000000008007c9c                __sf_fake_stderr
 .rodata.__sf_fake_stdin
                0x0000000008007cbc       0x20 c:/st/stm32cubeide_1.10.1/stm32cubeide/plugins/com.st.stm32cube.ide.mcu.externaltools.gnu-tools-for-stm32.10.3-2021.10.win32_1.0.0.202111181127/tools/bin/../lib/gcc/arm-none-eabi/10.3.1/../../../../arm-none-eabi/lib/thumb/v7-m/nofp\libc_nano.a(lib_a-findfp.o)
                0x0000000008007cbc                __sf_fake_stdin
 .rodata.__sf_fake_stdout
                0x0000000008007cdc       0x20 c:/st/stm32cubeide_1.10.1/stm32cubeide/plugins/com.st.stm32cube.ide.mcu.externaltools.gnu-tools-for-stm32.10.3-2021.10.win32_1.0.0.202111181127/tools/bin/../lib/gcc/arm-none-eabi/10.3.1/../../../../arm-none-eabi/lib/thumb/v7-m/nofp\libc_nano.a(lib_a-findfp.o)
                0x0000000008007cdc                __sf_fake_stdout
 .rodata._vfprintf_r.str1.1
                0x0000000008007cfc       0x11 c:/st/stm32cubeide_1.10.1/stm32cubeide/plugins/com.st.stm32cube.ide.mcu.externaltools.gnu-tools-for-stm32.10.3-2021.10.win32_1.0.0.202111181127/tools/bin/../lib/gcc/arm-none-eabi/10.3.1/../../../../arm-none-eabi/lib/thumb/v7-m/nofp\libc_nano.a(lib_a-nano-vfprintf.o)
 .rodata._printf_i.str1.1
                0x0000000008007d0d       0x22 c:/st/stm32cubeide_1.10.1/stm32cubeide/plugins/com.st.stm32cube.ide.mcu.externaltools.gnu-tools-for-stm32.10.3-2021.10.win32_1.0.0.202111181127/tools/bin/../lib/gcc/arm-none-eabi/10.3.1/../../../../arm-none-eabi/lib/thumb/v7-m/nofp\libc_nano.a(lib_a-nano-vfprintf_i.o)
                0x0000000008007d30                . = ALIGN (0x4)
 *fill*         0x0000000008007d2f        0x1 

.ARM.extab      0x0000000008007d30        0x0
                0x0000000008007d30                . = ALIGN (0x4)
 *(.ARM.extab* .gnu.linkonce.armextab.*)
                0x0000000008007d30                . = ALIGN (0x4)

.ARM            0x0000000008007d30        0x8
                0x0000000008007d30                . = ALIGN (0x4)
                0x0000000008007d30                __exidx_start = .
 *(.ARM.exidx*)
 .ARM.exidx     0x0000000008007d30        0x8 c:/st/stm32cubeide_1.10.1/stm32cubeide/plugins/com.st.stm32cube.ide.mcu.externaltools.gnu-tools-for-stm32.10.3-2021.10.win32_1.0.0.202111181127/tools/bin/../lib/gcc/arm-none-eabi/10.3.1/thumb/v7-m/nofp\libgcc.a(_udivmoddi4.o)
                0x0000000008007d38                __exidx_end = .
                0x0000000008007d38                . = ALIGN (0x4)

.rel.dyn        0x0000000008007d38        0x0
 .rel.iplt      0x0000000008007d38        0x0 c:/st/stm32cubeide_1.10.1/stm32cubeide/plugins/com.st.stm32cube.ide.mcu.externaltools.gnu-tools-for-stm32.10.3-2021.10.win32_1.0.0.202111181127/tools/bin/../lib/gcc/arm-none-eabi/10.3.1/thumb/v7-m/nofp/crtbegin.o

.preinit_array  0x0000000008007d38        0x0
                0x0000000008007d38                . = ALIGN (0x4)
                0x0000000008007d38                PROVIDE (__preinit_array_start = .)
 *(.preinit_array*)
                0x0000000008007d38                PROVIDE (__preinit_array_end = .)
                0x0000000008007d38                . = ALIGN (0x4)

.init_array     0x0000000008007d38        0x4
                0x0000000008007d38                . = ALIGN (0x4)
                0x0000000008007d38                PROVIDE (__init_array_start = .)
 *(SORT_BY_NAME(.init_array.*))
 *(.init_array*)
 .init_array    0x0000000008007d38        0x4 c:/st/stm32cubeide_1.10.1/stm32cubeide/plugins/com.st.stm32cube.ide.mcu.externaltools.gnu-tools-for-stm32.10.3-2021.10.win32_1.0.0.202111181127/tools/bin/../lib/gcc/arm-none-eabi/10.3.1/thumb/v7-m/nofp/crtbegin.o
                0x0000000008007d3c                PROVIDE (__init_array_end = .)
                0x0000000008007d3c                . = ALIGN (0x4)

.fini_array     0x0000000008007d3c        0x4
                0x0000000008007d3c                . = ALIGN (0x4)
                [!provide]                        PROVIDE (__fini_array_start = .)
 *(SORT_BY_NAME(.fini_array.*))
 *(.fini_array*)
 .fini_array    0x0000000008007d3c        0x4 c:/st/stm32cubeide_1.10.1/stm32cubeide/plugins/com.st.stm32cube.ide.mcu.externaltools.gnu-tools-for-stm32.10.3-2021.10.win32_1.0.0.202111181127/tools/bin/../lib/gcc/arm-none-eabi/10.3.1/thumb/v7-m/nofp/crtbegin.o
                [!provide]                        PROVIDE (__fini_array_end = .)
                0x0000000008007d40                . = ALIGN (0x4)
                0x0000000008007d40                _sidata = LOADADDR (.data)

.data           0x0000000020000000       0x78 load address 0x0000000008007d40
                0x0000000020000000                . = ALIGN (0x4)
                0x0000000020000000                _sdata = .
 *(.data)
 *(.data*)
 .data.SystemCoreClock
                0x0000000020000000        0x4 ./Core/Src/system_stm32l1xx.o
                0x0000000020000000                SystemCoreClock
 .data.uwTickPrio
                0x0000000020000004        0x4 ./Drivers/STM32L1xx_HAL_Driver/Src/stm32l1xx_hal.o
                0x0000000020000004                uwTickPrio
 .data.uwTickFreq
                0x0000000020000008        0x4 ./Drivers/STM32L1xx_HAL_Driver/Src/stm32l1xx_hal.o
                0x0000000020000008                uwTickFreq
 .data.uxCriticalNesting
                0x000000002000000c        0x4 ./Middlewares/Third_Party/FreeRTOS/Source/portable/GCC/ARM_CM3/port.o
 .data.pxTraceRecorderData
                0x0000000020000010        0x4 ./Middlewares/TraceRecorder/trcStreamingRecorder.o
                0x0000000020000010                pxTraceRecorderData
 .data._impure_ptr
                0x0000000020000014        0x4 c:/st/stm32cubeide_1.10.1/stm32cubeide/plugins/com.st.stm32cube.ide.mcu.externaltools.gnu-tools-for-stm32.10.3-2021.10.win32_1.0.0.202111181127/tools/bin/../lib/gcc/arm-none-eabi/10.3.1/../../../../arm-none-eabi/lib/thumb/v7-m/nofp\libc_nano.a(lib_a-impure.o)
                0x0000000020000014                _impure_ptr
 .data.impure_data
                0x0000000020000018       0x60 c:/st/stm32cubeide_1.10.1/stm32cubeide/plugins/com.st.stm32cube.ide.mcu.externaltools.gnu-tools-for-stm32.10.3-2021.10.win32_1.0.0.202111181127/tools/bin/../lib/gcc/arm-none-eabi/10.3.1/../../../../arm-none-eabi/lib/thumb/v7-m/nofp\libc_nano.a(lib_a-impure.o)
 *(.RamFunc)
 *(.RamFunc*)
                0x0000000020000078                . = ALIGN (0x4)
                0x0000000020000078                _edata = .

.igot.plt       0x0000000020000078        0x0 load address 0x0000000008007db8
 .igot.plt      0x0000000020000078        0x0 c:/st/stm32cubeide_1.10.1/stm32cubeide/plugins/com.st.stm32cube.ide.mcu.externaltools.gnu-tools-for-stm32.10.3-2021.10.win32_1.0.0.202111181127/tools/bin/../lib/gcc/arm-none-eabi/10.3.1/thumb/v7-m/nofp/crtbegin.o
                0x0000000020000078                . = ALIGN (0x4)

.bss            0x0000000020000078     0x38a0 load address 0x0000000008007db8
                0x0000000020000078                _sbss = .
                0x0000000020000078                __bss_start__ = _sbss
 *(.bss)
 .bss           0x0000000020000078       0x1c c:/st/stm32cubeide_1.10.1/stm32cubeide/plugins/com.st.stm32cube.ide.mcu.externaltools.gnu-tools-for-stm32.10.3-2021.10.win32_1.0.0.202111181127/tools/bin/../lib/gcc/arm-none-eabi/10.3.1/thumb/v7-m/nofp/crtbegin.o
 *(.bss*)
 .bss.defaultTaskHandle
                0x0000000020000094        0x4 ./Core/Src/main.o
                0x0000000020000094                defaultTaskHandle
 .bss.count     0x0000000020000098        0x1 ./Core/Src/main.o
                0x0000000020000098                count
 *fill*         0x0000000020000099        0x3 
 .bss.htim2     0x000000002000009c       0x40 ./Core/Src/stm32l1xx_hal_timebase_tim.o
                0x000000002000009c                htim2
 .bss.__sbrk_heap_end
                0x00000000200000dc        0x4 ./Core/Src/sysmem.o
 .bss.uwTick    0x00000000200000e0        0x4 ./Drivers/STM32L1xx_HAL_Driver/Src/stm32l1xx_hal.o
                0x00000000200000e0                uwTick
 .bss.KernelState
                0x00000000200000e4        0x4 ./Middlewares/Third_Party/FreeRTOS/Source/CMSIS_RTOS_V2/cmsis_os2.o
 .bss.Idle_TCB  0x00000000200000e8       0x5c ./Middlewares/Third_Party/FreeRTOS/Source/CMSIS_RTOS_V2/cmsis_os2.o
 .bss.Idle_Stack
                0x0000000020000144      0x200 ./Middlewares/Third_Party/FreeRTOS/Source/CMSIS_RTOS_V2/cmsis_os2.o
 .bss.Timer_TCB
                0x0000000020000344       0x5c ./Middlewares/Third_Party/FreeRTOS/Source/CMSIS_RTOS_V2/cmsis_os2.o
 .bss.Timer_Stack
                0x00000000200003a0      0x400 ./Middlewares/Third_Party/FreeRTOS/Source/CMSIS_RTOS_V2/cmsis_os2.o
 .bss.xQueueRegistry
                0x00000000200007a0       0x40 ./Middlewares/Third_Party/FreeRTOS/Source/queue.o
                0x00000000200007a0                xQueueRegistry
 .bss.pxCurrentTCB
                0x00000000200007e0        0x4 ./Middlewares/Third_Party/FreeRTOS/Source/tasks.o
                0x00000000200007e0                pxCurrentTCB
 .bss.pxReadyTasksLists
                0x00000000200007e4      0x460 ./Middlewares/Third_Party/FreeRTOS/Source/tasks.o
 .bss.xDelayedTaskList1
                0x0000000020000c44       0x14 ./Middlewares/Third_Party/FreeRTOS/Source/tasks.o
 .bss.xDelayedTaskList2
                0x0000000020000c58       0x14 ./Middlewares/Third_Party/FreeRTOS/Source/tasks.o
 .bss.pxDelayedTaskList
                0x0000000020000c6c        0x4 ./Middlewares/Third_Party/FreeRTOS/Source/tasks.o
 .bss.pxOverflowDelayedTaskList
                0x0000000020000c70        0x4 ./Middlewares/Third_Party/FreeRTOS/Source/tasks.o
 .bss.xPendingReadyList
                0x0000000020000c74       0x14 ./Middlewares/Third_Party/FreeRTOS/Source/tasks.o
 .bss.xTasksWaitingTermination
                0x0000000020000c88       0x14 ./Middlewares/Third_Party/FreeRTOS/Source/tasks.o
 .bss.uxDeletedTasksWaitingCleanUp
                0x0000000020000c9c        0x4 ./Middlewares/Third_Party/FreeRTOS/Source/tasks.o
 .bss.xSuspendedTaskList
                0x0000000020000ca0       0x14 ./Middlewares/Third_Party/FreeRTOS/Source/tasks.o
 .bss.uxCurrentNumberOfTasks
                0x0000000020000cb4        0x4 ./Middlewares/Third_Party/FreeRTOS/Source/tasks.o
 .bss.xTickCount
                0x0000000020000cb8        0x4 ./Middlewares/Third_Party/FreeRTOS/Source/tasks.o
 .bss.uxTopReadyPriority
                0x0000000020000cbc        0x4 ./Middlewares/Third_Party/FreeRTOS/Source/tasks.o
 .bss.xSchedulerRunning
                0x0000000020000cc0        0x4 ./Middlewares/Third_Party/FreeRTOS/Source/tasks.o
 .bss.uxPendedTicks
                0x0000000020000cc4        0x4 ./Middlewares/Third_Party/FreeRTOS/Source/tasks.o
 .bss.xYieldPending
                0x0000000020000cc8        0x4 ./Middlewares/Third_Party/FreeRTOS/Source/tasks.o
 .bss.xNumOfOverflows
                0x0000000020000ccc        0x4 ./Middlewares/Third_Party/FreeRTOS/Source/tasks.o
 .bss.uxTaskNumber
                0x0000000020000cd0        0x4 ./Middlewares/Third_Party/FreeRTOS/Source/tasks.o
 .bss.xNextTaskUnblockTime
                0x0000000020000cd4        0x4 ./Middlewares/Third_Party/FreeRTOS/Source/tasks.o
 .bss.xIdleTaskHandle
                0x0000000020000cd8        0x4 ./Middlewares/Third_Party/FreeRTOS/Source/tasks.o
 .bss.uxSchedulerSuspended
                0x0000000020000cdc        0x4 ./Middlewares/Third_Party/FreeRTOS/Source/tasks.o
 .bss.xActiveTimerList1
                0x0000000020000ce0       0x14 ./Middlewares/Third_Party/FreeRTOS/Source/timers.o
 .bss.xActiveTimerList2
                0x0000000020000cf4       0x14 ./Middlewares/Third_Party/FreeRTOS/Source/timers.o
 .bss.pxCurrentTimerList
                0x0000000020000d08        0x4 ./Middlewares/Third_Party/FreeRTOS/Source/timers.o
 .bss.pxOverflowTimerList
                0x0000000020000d0c        0x4 ./Middlewares/Third_Party/FreeRTOS/Source/timers.o
 .bss.xTimerQueue
                0x0000000020000d10        0x4 ./Middlewares/Third_Party/FreeRTOS/Source/timers.o
 .bss.xTimerTaskHandle
                0x0000000020000d14        0x4 ./Middlewares/Third_Party/FreeRTOS/Source/timers.o
 .bss.xLastTime.2
                0x0000000020000d18        0x4 ./Middlewares/Third_Party/FreeRTOS/Source/timers.o
 .bss.ucStaticTimerQueueStorage.1
                0x0000000020000d1c       0xa0 ./Middlewares/Third_Party/FreeRTOS/Source/timers.o
 .bss.xStaticTimerQueue.0
                0x0000000020000dbc       0x50 ./Middlewares/Third_Party/FreeRTOS/Source/timers.o
 .bss.ucMaxSysCallPriority
                0x0000000020000e0c        0x1 ./Middlewares/Third_Party/FreeRTOS/Source/portable/GCC/ARM_CM3/port.o
 *fill*         0x0000000020000e0d        0x3 
 .bss.ulMaxPRIGROUPValue
                0x0000000020000e10        0x4 ./Middlewares/Third_Party/FreeRTOS/Source/portable/GCC/ARM_CM3/port.o
 .bss.ucHeap    0x0000000020000e14      0xc00 ./Middlewares/Third_Party/FreeRTOS/Source/portable/MemMang/heap_4.o
 .bss.xStart    0x0000000020001a14        0x8 ./Middlewares/Third_Party/FreeRTOS/Source/portable/MemMang/heap_4.o
 .bss.pxEnd     0x0000000020001a1c        0x4 ./Middlewares/Third_Party/FreeRTOS/Source/portable/MemMang/heap_4.o
 .bss.xFreeBytesRemaining
                0x0000000020001a20        0x4 ./Middlewares/Third_Party/FreeRTOS/Source/portable/MemMang/heap_4.o
 .bss.xMinimumEverFreeBytesRemaining
                0x0000000020001a24        0x4 ./Middlewares/Third_Party/FreeRTOS/Source/portable/MemMang/heap_4.o
 .bss.xBlockAllocatedBit
                0x0000000020001a28        0x4 ./Middlewares/Third_Party/FreeRTOS/Source/portable/MemMang/heap_4.o
 .bss.pxStreamPortFile
                0x0000000020001a2c        0x4 ./Middlewares/TraceRecorder/streamports/ARM_ITM/trcStreamPort.o
 .bss.tz_host_command_bytes_to_read
                0x0000000020001a30        0x4 ./Middlewares/TraceRecorder/streamports/ARM_ITM/trcStreamPort.o
                0x0000000020001a30                tz_host_command_bytes_to_read
 .bss.tz_host_command_data
                0x0000000020001a34       0x20 ./Middlewares/TraceRecorder/streamports/ARM_ITM/trcStreamPort.o
                0x0000000020001a34                tz_host_command_data
 .bss.pxDiagnostics
                0x0000000020001a54        0x4 ./Middlewares/TraceRecorder/trcDiagnostics.o
 .bss.pxEntryTable
                0x0000000020001a58        0x4 ./Middlewares/TraceRecorder/trcEntryTable.o
 .bss.xIndexTable
                0x0000000020001a5c       0x38 ./Middlewares/TraceRecorder/trcEntryTable.o
 .bss.pxErrorInfo
                0x0000000020001a94        0x4 ./Middlewares/TraceRecorder/trcError.o
 .bss.pxTraceEventDataTable
                0x0000000020001a98        0x4 ./Middlewares/TraceRecorder/trcEvent.o
                0x0000000020001a98                pxTraceEventDataTable
 .bss.__irq_status
                0x0000000020001a9c        0x4 ./Middlewares/TraceRecorder/trcEvent.o
                0x0000000020001a9c                __irq_status
 .bss.pxTraceISRInfo
                0x0000000020001aa0        0x4 ./Middlewares/TraceRecorder/trcISR.o
                0x0000000020001aa0                pxTraceISRInfo
 .bss.stackTzCtrl
                0x0000000020001aa4     0x1000 ./Middlewares/TraceRecorder/trcKernelPort.o
 .bss.tcbTzCtrl
                0x0000000020002aa4       0x5c ./Middlewares/TraceRecorder/trcKernelPort.o
 .bss.pxKernelPortData
                0x0000000020002b00        0x4 ./Middlewares/TraceRecorder/trcKernelPort.o
 .bss.pxPrintInfo
                0x0000000020002b04        0x4 ./Middlewares/TraceRecorder/trcPrint.o
 .bss.pxStackMonitor
                0x0000000020002b08        0x4 ./Middlewares/TraceRecorder/trcStackMonitor.o
 .bss.uiCurrentIndex.0
                0x0000000020002b0c        0x4 ./Middlewares/TraceRecorder/trcStackMonitor.o
 .bss.pxTraceStaticBufferTable
                0x0000000020002b10        0x4 ./Middlewares/TraceRecorder/trcStaticBuffer.o
                0x0000000020002b10                pxTraceStaticBufferTable
 .bss.xRecorderData
                0x0000000020002b14      0xde4 ./Middlewares/TraceRecorder/trcStreamingRecorder.o
 .bss.pxHeader  0x00000000200038f8        0x4 ./Middlewares/TraceRecorder/trcStreamingRecorder.o
 .bss.RecorderInitialized
                0x00000000200038fc        0x4 ./Middlewares/TraceRecorder/trcStreamingRecorder.o
                0x00000000200038fc                RecorderInitialized
 .bss.pxTraceTaskInfo
                0x0000000020003900        0x4 ./Middlewares/TraceRecorder/trcTask.o
                0x0000000020003900                pxTraceTaskInfo
 .bss.pxTraceTimestamp
                0x0000000020003904        0x4 ./Middlewares/TraceRecorder/trcTimestamp.o
                0x0000000020003904                pxTraceTimestamp
 .bss.__lock___malloc_recursive_mutex
                0x0000000020003908        0x1 c:/st/stm32cubeide_1.10.1/stm32cubeide/plugins/com.st.stm32cube.ide.mcu.externaltools.gnu-tools-for-stm32.10.3-2021.10.win32_1.0.0.202111181127/tools/bin/../lib/gcc/arm-none-eabi/10.3.1/../../../../arm-none-eabi/lib/thumb/v7-m/nofp\libc_nano.a(lib_a-lock.o)
                0x0000000020003908                __lock___malloc_recursive_mutex
 .bss.__lock___sfp_recursive_mutex
                0x0000000020003909        0x1 c:/st/stm32cubeide_1.10.1/stm32cubeide/plugins/com.st.stm32cube.ide.mcu.externaltools.gnu-tools-for-stm32.10.3-2021.10.win32_1.0.0.202111181127/tools/bin/../lib/gcc/arm-none-eabi/10.3.1/../../../../arm-none-eabi/lib/thumb/v7-m/nofp\libc_nano.a(lib_a-lock.o)
                0x0000000020003909                __lock___sfp_recursive_mutex
 .bss.__lock___sinit_recursive_mutex
                0x000000002000390a        0x1 c:/st/stm32cubeide_1.10.1/stm32cubeide/plugins/com.st.stm32cube.ide.mcu.externaltools.gnu-tools-for-stm32.10.3-2021.10.win32_1.0.0.202111181127/tools/bin/../lib/gcc/arm-none-eabi/10.3.1/../../../../arm-none-eabi/lib/thumb/v7-m/nofp\libc_nano.a(lib_a-lock.o)
                0x000000002000390a                __lock___sinit_recursive_mutex
 *fill*         0x000000002000390b        0x1 
 .bss.__malloc_free_list
                0x000000002000390c        0x4 c:/st/stm32cubeide_1.10.1/stm32cubeide/plugins/com.st.stm32cube.ide.mcu.externaltools.gnu-tools-for-stm32.10.3-2021.10.win32_1.0.0.202111181127/tools/bin/../lib/gcc/arm-none-eabi/10.3.1/../../../../arm-none-eabi/lib/thumb/v7-m/nofp\libc_nano.a(lib_a-nano-mallocr.o)
                0x000000002000390c                __malloc_free_list
 .bss.__malloc_sbrk_start
                0x0000000020003910        0x4 c:/st/stm32cubeide_1.10.1/stm32cubeide/plugins/com.st.stm32cube.ide.mcu.externaltools.gnu-tools-for-stm32.10.3-2021.10.win32_1.0.0.202111181127/tools/bin/../lib/gcc/arm-none-eabi/10.3.1/../../../../arm-none-eabi/lib/thumb/v7-m/nofp\libc_nano.a(lib_a-nano-mallocr.o)
                0x0000000020003910                __malloc_sbrk_start
 .bss.errno     0x0000000020003914        0x4 c:/st/stm32cubeide_1.10.1/stm32cubeide/plugins/com.st.stm32cube.ide.mcu.externaltools.gnu-tools-for-stm32.10.3-2021.10.win32_1.0.0.202111181127/tools/bin/../lib/gcc/arm-none-eabi/10.3.1/../../../../arm-none-eabi/lib/thumb/v7-m/nofp\libc_nano.a(lib_a-reent.o)
                0x0000000020003914                errno
 *(COMMON)
                0x0000000020003918                . = ALIGN (0x4)
                0x0000000020003918                _ebss = .
                0x0000000020003918                __bss_end__ = _ebss

._user_heap_stack
                0x0000000020003918      0x600 load address 0x0000000008007db8
                0x0000000020003918                . = ALIGN (0x8)
                [!provide]                        PROVIDE (end = .)
                0x0000000020003918                PROVIDE (_end = .)
                0x0000000020003b18                . = (. + _Min_Heap_Size)
 *fill*         0x0000000020003918      0x200 
                0x0000000020003f18                . = (. + _Min_Stack_Size)
 *fill*         0x0000000020003b18      0x400 
                0x0000000020003f18                . = ALIGN (0x8)

/DISCARD/
 libc.a(*)
 libm.a(*)
 libgcc.a(*)

.ARM.attributes
                0x0000000000000000       0x29
 *(.ARM.attributes)
 .ARM.attributes
                0x0000000000000000       0x1d c:/st/stm32cubeide_1.10.1/stm32cubeide/plugins/com.st.stm32cube.ide.mcu.externaltools.gnu-tools-for-stm32.10.3-2021.10.win32_1.0.0.202111181127/tools/bin/../lib/gcc/arm-none-eabi/10.3.1/thumb/v7-m/nofp/crti.o
 .ARM.attributes
                0x000000000000001d       0x2d c:/st/stm32cubeide_1.10.1/stm32cubeide/plugins/com.st.stm32cube.ide.mcu.externaltools.gnu-tools-for-stm32.10.3-2021.10.win32_1.0.0.202111181127/tools/bin/../lib/gcc/arm-none-eabi/10.3.1/thumb/v7-m/nofp/crtbegin.o
 .ARM.attributes
                0x000000000000004a       0x2d ./Core/Src/main.o
 .ARM.attributes
                0x0000000000000077       0x2d ./Core/Src/stm32l1xx_hal_msp.o
 .ARM.attributes
                0x00000000000000a4       0x2d ./Core/Src/stm32l1xx_hal_timebase_tim.o
 .ARM.attributes
                0x00000000000000d1       0x2d ./Core/Src/stm32l1xx_it.o
 .ARM.attributes
                0x00000000000000fe       0x2d ./Core/Src/syscalls.o
 .ARM.attributes
                0x000000000000012b       0x2d ./Core/Src/sysmem.o
 .ARM.attributes
                0x0000000000000158       0x2d ./Core/Src/system_stm32l1xx.o
 .ARM.attributes
                0x0000000000000185       0x21 ./Core/Startup/startup_stm32l152retx.o
 .ARM.attributes
                0x00000000000001a6       0x2d ./Drivers/STM32L1xx_HAL_Driver/Src/stm32l1xx_hal.o
 .ARM.attributes
                0x00000000000001d3       0x2d ./Drivers/STM32L1xx_HAL_Driver/Src/stm32l1xx_hal_cortex.o
 .ARM.attributes
                0x0000000000000200       0x2d ./Drivers/STM32L1xx_HAL_Driver/Src/stm32l1xx_hal_gpio.o
 .ARM.attributes
                0x000000000000022d       0x2d ./Drivers/STM32L1xx_HAL_Driver/Src/stm32l1xx_hal_rcc.o
 .ARM.attributes
                0x000000000000025a       0x2d ./Drivers/STM32L1xx_HAL_Driver/Src/stm32l1xx_hal_tim.o
 .ARM.attributes
                0x0000000000000287       0x2d ./Middlewares/Third_Party/FreeRTOS/Source/CMSIS_RTOS_V2/cmsis_os2.o
 .ARM.attributes
                0x00000000000002b4       0x2d ./Middlewares/Third_Party/FreeRTOS/Source/list.o
 .ARM.attributes
                0x00000000000002e1       0x2d ./Middlewares/Third_Party/FreeRTOS/Source/queue.o
 .ARM.attributes
                0x000000000000030e       0x2d ./Middlewares/Third_Party/FreeRTOS/Source/tasks.o
 .ARM.attributes
                0x000000000000033b       0x2d ./Middlewares/Third_Party/FreeRTOS/Source/timers.o
 .ARM.attributes
                0x0000000000000368       0x2d ./Middlewares/Third_Party/FreeRTOS/Source/portable/GCC/ARM_CM3/port.o
 .ARM.attributes
                0x0000000000000395       0x2d ./Middlewares/Third_Party/FreeRTOS/Source/portable/MemMang/heap_4.o
 .ARM.attributes
                0x00000000000003c2       0x2d ./Middlewares/TraceRecorder/streamports/ARM_ITM/trcStreamPort.o
 .ARM.attributes
                0x00000000000003ef       0x2d ./Middlewares/TraceRecorder/trcDiagnostics.o
 .ARM.attributes
                0x000000000000041c       0x2d ./Middlewares/TraceRecorder/trcEntryTable.o
 .ARM.attributes
                0x0000000000000449       0x2d ./Middlewares/TraceRecorder/trcError.o
 .ARM.attributes
                0x0000000000000476       0x2d ./Middlewares/TraceRecorder/trcEvent.o
 .ARM.attributes
                0x00000000000004a3       0x2d ./Middlewares/TraceRecorder/trcHardwarePort.o
 .ARM.attributes
                0x00000000000004d0       0x2d ./Middlewares/TraceRecorder/trcHeap.o
 .ARM.attributes
                0x00000000000004fd       0x2d ./Middlewares/TraceRecorder/trcISR.o
 .ARM.attributes
                0x000000000000052a       0x2d ./Middlewares/TraceRecorder/trcKernelPort.o
 .ARM.attributes
                0x0000000000000557       0x2d ./Middlewares/TraceRecorder/trcObject.o
 .ARM.attributes
                0x0000000000000584       0x2d ./Middlewares/TraceRecorder/trcPrint.o
 .ARM.attributes
                0x00000000000005b1       0x2d ./Middlewares/TraceRecorder/trcStackMonitor.o
 .ARM.attributes
                0x00000000000005de       0x2d ./Middlewares/TraceRecorder/trcStaticBuffer.o
 .ARM.attributes
                0x000000000000060b       0x2d ./Middlewares/TraceRecorder/trcStreamingRecorder.o
 .ARM.attributes
                0x0000000000000638       0x2d ./Middlewares/TraceRecorder/trcString.o
 .ARM.attributes
                0x0000000000000665       0x2d ./Middlewares/TraceRecorder/trcTask.o
 .ARM.attributes
                0x0000000000000692       0x2d ./Middlewares/TraceRecorder/trcTimestamp.o
 .ARM.attributes
                0x00000000000006bf       0x2d c:/st/stm32cubeide_1.10.1/stm32cubeide/plugins/com.st.stm32cube.ide.mcu.externaltools.gnu-tools-for-stm32.10.3-2021.10.win32_1.0.0.202111181127/tools/bin/../lib/gcc/arm-none-eabi/10.3.1/../../../../arm-none-eabi/lib/thumb/v7-m/nofp\libc_nano.a(lib_a-errno.o)
 .ARM.attributes
                0x00000000000006ec       0x2d c:/st/stm32cubeide_1.10.1/stm32cubeide/plugins/com.st.stm32cube.ide.mcu.externaltools.gnu-tools-for-stm32.10.3-2021.10.win32_1.0.0.202111181127/tools/bin/../lib/gcc/arm-none-eabi/10.3.1/../../../../arm-none-eabi/lib/thumb/v7-m/nofp\libc_nano.a(lib_a-impure.o)
 .ARM.attributes