../Middlewares/TraceRecorder/trcKernelPort.c:134:13:xTraceKernelPortGetUnusedStack	16	static
../Middlewares/TraceRecorder/trcKernelPort.c:143:13:xTraceKernelPortDelay	16	static
../Middlewares/TraceRecorder/trcKernelPort.c:150:15:xTraceKernelPortIsSchedulerSuspended	8	static
../Middlewares/TraceRecorder/trcKernelPort.c:171:13:xTraceKernelPortInitialize	16	static
../Middlewares/TraceRecorder/trcKernelPort.c:188:13:xTraceKernelPortEnable	32	static
../Middlewares/TraceRecorder/trcKernelPort.c:215:8:TzCtrl	16	static
../Middlewares/TraceRecorder/trcKernelPort.c:229:6:vTraceSetQueueName	16	static
../Middlewares/TraceRecorder/trcKernelPort.c:234:6:vTraceSetSemaphoreName	16	static
../Middlewares/TraceRecorder/trcKernelPort.c:239:6:vTraceSetMutexName	16	static
../Middlewares/TraceRecorder/trcKernelPort.c:246:6:vTraceSetEventGroupName	16	static
../Middlewares/TraceRecorder/trcKernelPort.c:255:6:vTraceSetStreamBufferName	16	static
../Middlewares/TraceRecorder/trcKernelPort.c:260:6:vTraceSetMessageBufferName	16	static
../Middlewares/TraceRecorder/trcKernelPort.c:269:19:xTraceKernelPortGetSystemHeapHandle	4	static
